case(schema=1,name=case02-poiseuille-uniform-36x48x36,mesh=grids/uniform_36x48x36.cgns,profile=phenglei_wcns,reconstruction=mdcd_linear;variables=primitive;epsilon=9.9999999999999995e-07;js_power=2;z_power=2;mdcd_dispersion=0.046378299999999997;mdcd_dissipation=0.01;mdcd_sensor_epsilon=5.6249999999999998e-05;mdcd_sensor_threshold=0.40000000000000002;mdcd_weight_bias=20;mdcd_weight_epsilon=9.9999999999999993e-41,riemann_solver=hllc;roe_entropy_fix=0.10000000000000001;riemann_denominator_tolerance=9.9999999999999998e-13,gas_model=calorically_perfect gamma=1.3999999999999999 molar_mass=0.465584 specific_gas_constant=17.857142857142858,U_ref=1 rho_ref=1 T_ref=1 L_ref=1 mu_ref=0.10000000000000001 Re=10 Ma=0.20000000000000001 dynamic_pressure_ref=1 time_ref=1,partition(mode=auto_split,allow_idle=false,max_load_ratio=1.2,min_cells=8),initial(type=poiseuille,centerline_velocity=1,pressure=17.857142857142858,temperature=1,temperature_curvature=0.18432000000000001,y0=0,y1=1),boundary.default=no_slip_isothermal_wall,boundary.bottom=no_slip_isothermal_wall,boundary.top=no_slip_isothermal_wall,boundary_data.bottom(wall_velocity_x=0,wall_velocity_y=0,wall_velocity_z=0,wall_temperature=1),boundary_data.top(wall_velocity_x=0,wall_velocity_y=0,wall_velocity_z=0,wall_temperature=1),enable_source_terms=true;models=pressure_gradient;uniform=0,0,0,0,0;body_acceleration=0,0,0;pressure_gradient=0.80000000000000004,0,0;manufactured_amplitude=0,0,0,0,0,run(mode=steady,viscous=true,cfl=0.5,max_steps=20000,t_end=0,max_wall_time=0,steady(min_steps=20,check_interval=20,consecutive=3,reference_floor=1.0000000000000001e-30,l2_abs=5.0000000000000002e-05,l2_rel=9.9999999999999995e-07,linf_enabled=true,linf_abs=0.00020000000000000001,linf_rel=1.0000000000000001e-05)),output(directory=results/uniform,allow_existing=false,dimensional=false,field(enabled=true,format=cgns,schedule(every_steps=0,every_time=0,explicit_times=,initial=true,final=true),quantities=rho:u:v:w:p:T:rho_u:rho_v:rho_w:rho_E:sound_speed:mach:total_enthalpy:entropy_proxy:viscosity:jacobian),history(enabled=true,format=txt,schedule(every_steps=20,every_time=0,explicit_times=,initial=true,final=true),quantities=),statistics(enabled=true,format=txt,schedule(every_steps=20,every_time=0,explicit_times=,initial=true,final=true),quantities=total_mass:total_momentum_x:total_momentum_y:total_momentum_z:total_energy),checkpoint(enabled=false,schedule(every_steps=0,every_time=0,explicit_times=,initial=false,final=true))),restart.path=<none>,digest=0xe6b998156e40704e)
partition_plan(maximum_feasible=96;leaf=0,zone=0,range=[0,0,0:18,24,18),owner=0,generation=1;leaf=1,zone=0,range=[0,24,0:18,48,18),owner=1,generation=1;leaf=2,zone=1,range=[0,0,0:18,24,18),owner=2,generation=1;leaf=3,zone=1,range=[0,24,0:18,48,18),owner=3,generation=1;leaf=4,zone=2,range=[0,0,0:18,24,18),owner=4,generation=1;leaf=5,zone=2,range=[0,24,0:18,48,18),owner=5,generation=1;leaf=6,zone=3,range=[0,0,0:18,24,18),owner=6,generation=1;leaf=7,zone=3,range=[0,24,0:18,48,18),owner=7,generation=1)
mesh_signature=11936517813990972397
derived Re=10 Ma=0.20000000000000001
step=1 time=0.0002926114891763461 dt=0.0002926114891763461 residual=0.0022282130294259531 checked=false stop=running
step=2 time=0.0005852229783526922 dt=0.0002926114891763461 residual=0.0017772951663086337 checked=false stop=running
step=3 time=0.00087783446752903835 dt=0.0002926114891763461 residual=0.0015085575505786027 checked=false stop=running
step=4 time=0.0011704459567053844 dt=0.0002926114891763461 residual=0.0013234300803260316 checked=false stop=running
step=5 time=0.0014630574458817304 dt=0.0002926114891763461 residual=0.0011826483092905373 checked=false stop=running
step=6 time=0.0017556689350580765 dt=0.0002926114891763461 residual=0.0010696837435739254 checked=false stop=running
step=7 time=0.0020482804242344223 dt=0.00029261148917634604 residual=0.00097659878843230226 checked=false stop=running
step=8 time=0.0023408919134107684 dt=0.00029261148917634604 residual=0.00089890145168742728 checked=false stop=running
step=9 time=0.0026335034025871144 dt=0.00029261148917634599 residual=0.00083363351665958184 checked=false stop=running
step=10 time=0.0029261148917634604 dt=0.00029261148917634588 residual=0.00077861144964329245 checked=false stop=running
step=11 time=0.0032187263809398061 dt=0.00029261148917634556 residual=0.0007320997603853821 checked=false stop=running
step=12 time=0.0035113378701161512 dt=0.00029261148917634518 residual=0.00069265974245831465 checked=false stop=running
step=13 time=0.0038039493592924955 dt=0.00029261148917634431 residual=0.00065907465314448874 checked=false stop=running
step=14 time=0.0040965608484688385 dt=0.00029261148917634279 residual=0.00063030949588331121 checked=false stop=running
step=15 time=0.0043891723376451785 dt=0.0002926114891763403 residual=0.00060548627841633038 checked=false stop=running
step=16 time=0.004681783826821515 dt=0.00029261148917633634 residual=0.00058386574125545365 checked=false stop=running
step=17 time=0.0049743953159978455 dt=0.00029261148917633021 residual=0.00056483150747527774 checked=false stop=running
step=18 time=0.0052670068051741663 dt=0.00029261148917632122 residual=0.00054787510748810866 checked=false stop=running
step=19 time=0.0055596182943504742 dt=0.0002926114891763081 residual=0.00053258156678829595 checked=false stop=running
step=20 time=0.0058522297835267639 dt=0.00029261148917628956 residual=0.00051861571646619729 checked=true stop=running
step=21 time=0.0061448412727030275 dt=0.00029261148917626392 residual=0.00050570952694507147 checked=false stop=running
step=22 time=0.0064374527618792565 dt=0.00029261148917622917 residual=0.0004936506973994973 checked=false stop=running
step=23 time=0.0067300642510554395 dt=0.00029261148917618266 residual=0.00048227263101418812 checked=false stop=running
step=24 time=0.0070226757402315609 dt=0.00029261148917612167 residual=0.00047144581029333685 checked=false stop=running
step=25 time=0.0073152872294076033 dt=0.00029261148917604252 residual=0.00046107050729333332 checked=false stop=running
step=26 time=0.0076078987185835443 dt=0.00029261148917594137 residual=0.00045107071436358784 checked=false stop=running
step=27 time=0.0079005102077593578 dt=0.00029261148917581365 residual=0.00044138915066227512 checked=false stop=running
step=28 time=0.0081931216969350126 dt=0.00029261148917565394 residual=0.00043198319597505464 checked=false stop=running
step=29 time=0.0084857331861104696 dt=0.00029261148917545651 residual=0.00042282159890017163 checked=false stop=running
step=30 time=0.0087783446752856837 dt=0.00029261148917521457 residual=0.00041388184925641319 checked=false stop=running
step=31 time=0.0090709561644606047 dt=0.00029261148917492091 residual=0.00040514807463043744 checked=false stop=running
step=32 time=0.0093635676536351718 dt=0.0002926114891745673 residual=0.00039660938242665043 checked=false stop=running
step=33 time=0.0096561791428093173 dt=0.00029261148917414484 residual=0.00038825855056389216 checked=false stop=running
step=34 time=0.0099487906319829615 dt=0.00029261148917364362 residual=0.0003800910083344625 checked=false stop=running
step=35 time=0.010241402121156014 dt=0.00029261148917305327 residual=0.00037210404103270111 checked=false stop=running
step=36 time=0.010534013610328376 dt=0.00029261148917236231 residual=0.00036429617708903648 checked=false stop=running
step=37 time=0.010826625099499936 dt=0.00029261148917155837 residual=0.00035666673294208908 checked=false stop=running
step=38 time=0.011119236588670565 dt=0.00029261148917062845 residual=0.0003492154452950833 checked=false stop=running
step=39 time=0.011411848077840124 dt=0.00029261148916955872 residual=0.00034194222545468294 checked=false stop=running
step=40 time=0.011704459567008458 dt=0.00029261148916833455 residual=0.00033484696130150045 checked=true stop=running
step=41 time=0.011997071056175399 dt=0.00029261148916694037 residual=0.0003279293890352448 checked=false stop=running
step=42 time=0.01228968254534076 dt=0.00029261148916536015 residual=0.0003211889964947162 checked=false stop=running
step=43 time=0.012582294034504338 dt=0.00029261148916357702 residual=0.0003146249706923859 checked=false stop=running
step=44 time=0.012874905523665912 dt=0.00029261148916157352 residual=0.00030823616303838475 checked=false stop=running
step=45 time=0.013167517012825243 dt=0.00029261148915933166 residual=0.00030202107926938362 checked=false stop=running
step=46 time=0.013460128501982076 dt=0.00029261148915683279 residual=0.0002959778826115045 checked=false stop=running
step=47 time=0.013752739991136133 dt=0.00029261148915405805 residual=0.00029010439884248504 checked=false stop=running
step=48 time=0.014045351480287122 dt=0.00029261148915098802 residual=0.00028439814543026288 checked=false stop=running
step=49 time=0.014337962969434724 dt=0.00029261148914760298 residual=0.00027885635063492221 checked=false stop=running
step=50 time=0.014630574458578608 dt=0.00029261148914388308 residual=0.00027347598660985362 checked=false stop=running
step=51 time=0.014923185947718416 dt=0.00029261148913980838 residual=0.000268253797058747 checked=false stop=running
step=52 time=0.015215797436853775 dt=0.00029261148913535876 residual=0.00026318632805048841 checked=false stop=running
step=53 time=0.015508408925984289 dt=0.00029261148913051427 residual=0.0002582699645536719 checked=false stop=running
step=54 time=0.015801020415109543 dt=0.00029261148912525497 residual=0.00025350095390602094 checked=false stop=running
step=55 time=0.016093631904229105 dt=0.00029261148911956134 residual=0.00024887544019776714 checked=false stop=running
step=56 time=0.01638624339334252 dt=0.00029261148911341402 residual=0.00024438949301917715 checked=false stop=running
step=57 time=0.016678854882449315 dt=0.00029261148910679415 residual=0.00024003913092364001 checked=false stop=running
step=58 time=0.016971466371548997 dt=0.00029261148909968336 residual=0.0002358203482061029 checked=false stop=running
step=59 time=0.017264077860641061 dt=0.0002926114890920638 residual=0.00023172913738067269 checked=false stop=running
step=60 time=0.017556689349724978 dt=0.00029261148908391851 residual=0.00022776151076914263 checked=true stop=running
step=61 time=0.017849300838800208 dt=0.00029261148907523107 residual=0.00022391351727206303 checked=false stop=running
step=62 time=0.018141912327866196 dt=0.00029261148906598608 residual=0.00022018125891332864 checked=false stop=running
step=63 time=0.018434523816922364 dt=0.00029261148905616874 residual=0.00021656090752430066 checked=false stop=running
step=64 time=0.018727135305968132 dt=0.00029261148904576566 residual=0.0002130487174295309 checked=false stop=running
step=65 time=0.019019746795002897 dt=0.00029261148903476415 residual=0.00020964103360821411 checked=false stop=running
step=66 time=0.019312358284026051 dt=0.00029261148902315278 residual=0.00020633430234244499 checked=false stop=running
step=67 time=0.019604969773036971 dt=0.0002926114890109213 residual=0.00020312507944170163 checked=false stop=running
step=68 time=0.01989758126203503 dt=0.00029261148899806038 residual=0.00020001003385114796 checked=false stop=running
step=69 time=0.020190192751019593 dt=0.00029261148898456234 residual=0.00019698595259754235 checked=false stop=running
step=70 time=0.020482804239990014 dt=0.00029261148897042011 residual=0.00019404974465054379 checked=false stop=running
step=71 time=0.020775415728945642 dt=0.00029261148895562872 residual=0.00019119843887680852 checked=false stop=running
step=72 time=0.021068027217885827 dt=0.00029261148894018366 residual=0.0001884291884273204 checked=false stop=running
step=73 time=0.02136063870680991 dt=0.00029261148892408218 residual=0.00018573926546588845 checked=false stop=running
step=74 time=0.021653250195717233 dt=0.00029261148890732274 residual=0.00018312606346433769 checked=false stop=running
step=75 time=0.021945861684607139 dt=0.00029261148888990476 residual=0.00018058708927198871 checked=false stop=running
step=76 time=0.022238473173478969 dt=0.00029261148887182932 residual=0.00017811996534117179 checked=false stop=running
step=77 time=0.022531084662332067 dt=0.00029261148885309827 residual=0.0001757224195972594 checked=false stop=running
step=78 time=0.022823696151165782 dt=0.00029261148883371485 residual=0.00017339228558982988 checked=false stop=running
step=79 time=0.023116307639979464 dt=0.0002926114888136834 residual=0.00017112749396525897 checked=false stop=running
step=80 time=0.023408919128772472 dt=0.00029261148879300929 residual=0.00016892606904374407 checked=true stop=running
step=81 time=0.02370153061754417 dt=0.00029261148877169892 residual=0.00016678612134703419 checked=false stop=running
step=82 time=0.023994142106293932 dt=0.00029261148874975965 residual=0.00016470584294395855 checked=false stop=running
step=83 time=0.024286753595021131 dt=0.00029261148872719963 residual=0.0001626835012478223 checked=false stop=running
step=84 time=0.024579365083725158 dt=0.00029261148870402773 residual=0.00016071743329331044 checked=false stop=running
step=85 time=0.024871976572405412 dt=0.00029261148868025373 residual=0.00015880603875206191 checked=false stop=running
step=86 time=0.0251645880610613 dt=0.00029261148865588791 residual=0.00015694777640792217 checked=false stop=running
step=87 time=0.025457199549692239 dt=0.00029261148863094107 residual=0.00015514115728287189 checked=false stop=running
step=88 time=0.025749811038297665 dt=0.00029261148860542453 residual=0.00015338474009195501 checked=false stop=running
step=89 time=0.026042422526877013 dt=0.00029261148857934985 residual=0.00015167712616588299 checked=false stop=running
step=90 time=0.026335034015429741 dt=0.00029261148855272878 residual=0.00015001695582655269 checked=false stop=running
step=91 time=0.026627645503955313 dt=0.00029261148852557348 residual=0.00014840290326499585 checked=false stop=running
step=92 time=0.02692025699245321 dt=0.00029261148849789586 residual=0.00014683367381683566 checked=false stop=running
step=93 time=0.027212868480922917 dt=0.0002926114884697079 residual=0.00014530800053390977 checked=false stop=running
step=94 time=0.027505479969363939 dt=0.00029261148844102137 residual=0.00014382464127094007 checked=false stop=running
step=95 time=0.027798091457775786 dt=0.00029261148841184766 residual=0.00014238237643263935 checked=false stop=running
step=96 time=0.028090702946157984 dt=0.00029261148838219799 residual=0.00014098000661086238 checked=false stop=running
step=97 time=0.028383314434510067 dt=0.00029261148835208291 residual=0.00013961635195564463 checked=false stop=running
step=98 time=0.02867592592283158 dt=0.00029261148832151248 residual=0.00013829025006113822 checked=false stop=running
step=99 time=0.028968537411122076 dt=0.000292611488290496 residual=0.00013700055541926383 checked=false stop=running
step=100 time=0.029261148899381119 dt=0.000292611488259042 residual=0.00013574613888428158 checked=true stop=running
step=101 time=0.029553760387608277 dt=0.00029261148822715816 residual=0.00013452588783872922 checked=false stop=running
step=102 time=0.029846371875803128 dt=0.00029261148819485127 residual=0.0001333387055482211 checked=false stop=running
step=103 time=0.030138983363965255 dt=0.0002926114881621269 residual=0.00013218351223533048 checked=false stop=running
step=104 time=0.030431594852094245 dt=0.0002926114881289894 residual=0.00013105924471396669 checked=false stop=running
step=105 time=0.030724206340189686 dt=0.00029261148809544218 residual=0.00012996485799177609 checked=false stop=running
step=106 time=0.031016817828251175 dt=0.00029261148806148708 residual=0.00012889932518489412 checked=false stop=running
step=107 time=0.031309429316278302 dt=0.00029261148802712476 residual=0.0001278616391135969 checked=false stop=running
step=108 time=0.031602040804270655 dt=0.00029261148799235434 residual=0.0001268508129156234 checked=false stop=running
step=109 time=0.031894652292227828 dt=0.00029261148795717339 residual=0.00012586588142365332 checked=false stop=running
step=110 time=0.032187263780149404 dt=0.00029261148792157805 residual=0.00012490590164869722 checked=false stop=running
step=111 time=0.032479875268034968 dt=0.00029261148788556254 residual=0.00012396995448781911 checked=false stop=running
step=112 time=0.032772486755884088 dt=0.00029261148784911995 residual=0.00012305714544155529 checked=false stop=running
step=113 time=0.033065098243696328 dt=0.0002926114878122412 residual=0.00012216660530488813 checked=false stop=running
step=114 time=0.033357709731471244 dt=0.00029261148777491559 residual=0.00012129749227552269 checked=false stop=running
step=115 time=0.033650321219208378 dt=0.00029261148773713087 residual=0.00012044899059425218 checked=false stop=running
step=116 time=0.03394293270690725 dt=0.00029261148769887279 residual=0.00011962031396335348 checked=false stop=running
step=117 time=0.034235544194567376 dt=0.0002926114876601253 residual=0.00011881070391496104 checked=false stop=running
step=118 time=0.034528155682188248 dt=0.00029261148762087068 residual=0.00011801943145443431 checked=false stop=running
step=119 time=0.03482076716976934 dt=0.00029261148758108919 residual=0.00011724579784379565 checked=false stop=running
step=120 time=0.035113378657310103 dt=0.00029261148754075952 residual=0.00011648913394183354 checked=true stop=running
step=121 time=0.035405990144809961 dt=0.00029261148749985837 residual=0.00011574880043580124 checked=false stop=running
step=122 time=0.035698601632268324 dt=0.0002926114874583607 residual=0.00011502418905512553 checked=false stop=running
step=123 time=0.035991213119684562 dt=0.00029261148741623961 residual=0.00011431472099529139 checked=false stop=running
step=124 time=0.036283824607058028 dt=0.00029261148737346664 residual=0.00011361984705390187 checked=false stop=running
step=125 time=0.036576436094388043 dt=0.00029261148733001138 residual=0.00011293904928194727 checked=false stop=running
step=126 time=0.036869047581673885 dt=0.0002926114872858418 residual=0.00011227183725098764 checked=false stop=running
step=127 time=0.037161659068914811 dt=0.00029261148724092428 residual=0.00011161775038804083 checked=false stop=running
step=128 time=0.037454270556110038 dt=0.00029261148719522353 residual=0.00011097635569382763 checked=false stop=running
step=129 time=0.037746882043258739 dt=0.00029261148714870264 residual=0.0001103472473522741 checked=false stop=running
step=130 time=0.038039493530360062 dt=0.00029261148710132317 residual=0.00010973004691905026 checked=false stop=running
step=131 time=0.038332105017413104 dt=0.00029261148705304532 residual=0.00010912440158100972 checked=false stop=running
step=132 time=0.038624716504416935 dt=0.00029261148700382786 residual=0.00010852998290455902 checked=false stop=running
step=133 time=0.038917327991370564 dt=0.00029261148695362805 residual=0.00010794648712155464 checked=false stop=running
step=134 time=0.039209939478272969 dt=0.00029261148690240226 residual=0.00010737363298547971 checked=false stop=running
step=135 time=0.039502550965123076 dt=0.00029261148685010517 residual=0.00010681116096893044 checked=false stop=running
step=136 time=0.039795162451919767 dt=0.00029261148679669065 residual=0.00010625883247303221 checked=false stop=running
step=137 time=0.040087773938661878 dt=0.00029261148674211132 residual=0.00010571642903176658 checked=false stop=running
step=138 time=0.040380385425348199 dt=0.00029261148668631903 residual=0.00010518375031803324 checked=false stop=running
step=139 time=0.040672996911977462 dt=0.00029261148662926474 residual=0.00010466061288313676 checked=false stop=running
step=140 time=0.040965608398548362 dt=0.00029261148657089839 residual=0.00010414685116539794 checked=true stop=running
step=141 time=0.041258219885059531 dt=0.00029261148651116921 residual=0.00010364231217863052 checked=false stop=running
step=142 time=0.041550831371509556 dt=0.0002926114864500259 residual=0.00010314685912533685 checked=false stop=running
step=143 time=0.04184344285789697 dt=0.00029261148638741664 residual=0.00010266036689284378 checked=false stop=running
step=144 time=0.042136054344220263 dt=0.00029261148632328906 residual=0.00010218272284312039 checked=false stop=running
step=145 time=0.042428665830477851 dt=0.00029261148625759037 residual=0.00010171382415540648 checked=false stop=running
step=146 time=0.042721277316668117 dt=0.00029261148619026759 residual=0.0001012535771877599 checked=false stop=running
step=147 time=0.043013888802789384 dt=0.00029261148612126756 residual=0.00010080189851213218 checked=false stop=running
step=148 time=0.043306500288839922 dt=0.00029261148605053703 residual=0.00010035870938556077 checked=false stop=running
step=149 time=0.043599111774817942 dt=0.0002926114859780226 residual=9.9923939973870697e-05 checked=false stop=running
step=150 time=0.043891723260721612 dt=0.00029261148590367105 residual=9.9497524512634443e-05 checked=false stop=running
step=151 time=0.044184334746549044 dt=0.00029261148582742947 residual=9.9079402261065079e-05 checked=false stop=running
step=152 time=0.044476946232298288 dt=0.00029261148574924494 residual=9.8669514381979109e-05 checked=false stop=running
step=153 time=0.044769557717967354 dt=0.00029261148566906515 residual=9.8267807418034558e-05 checked=false stop=running
step=154 time=0.045062169203554193 dt=0.00029261148558683812 residual=9.7874227435089565e-05 checked=false stop=running
step=155 time=0.045354780689056705 dt=0.00029261148550251245 residual=9.748872308489819e-05 checked=false stop=running
step=156 time=0.045647392174472744 dt=0.00029261148541603736 residual=9.7111242324149854e-05 checked=false stop=running
step=157 time=0.045940003659800104 dt=0.00029261148532736268 residual=9.6741732296955687e-05 checked=false stop=running
step=158 time=0.046232615145036543 dt=0.00029261148523643921 residual=9.6380141078740265e-05 checked=false stop=running
step=159 time=0.046525226630179758 dt=0.00029261148514321864 residual=9.6026412308318311e-05 checked=false stop=running
step=160 time=0.046817838115227411 dt=0.00029261148504765343 residual=9.5680489071262091e-05 checked=true stop=running
step=161 time=0.047110449600177108 dt=0.00029261148494969712 residual=9.5342311328840972e-05 checked=false stop=running
step=162 time=0.047403061085026413 dt=0.00029261148484930466 residual=9.5011814762079014e-05 checked=false stop=running
step=163 time=0.047695672569772841 dt=0.00029261148474643187 residual=9.4688932206107932e-05 checked=false stop=running
step=164 time=0.047988284054413875 dt=0.00029261148464103598 residual=9.437359165289043e-05 checked=false stop=running
step=165 time=0.048280895538946954 dt=0.00029261148453307547 residual=9.4065716294088362e-05 checked=false stop=running
step=166 time=0.048573507023369461 dt=0.00029261148442251048 residual=9.3765224353117729e-05 checked=false stop=running
step=167 time=0.04886611850767876 dt=0.00029261148430930226 residual=9.3472028949225682e-05 checked=false stop=running
step=168 time=0.049158729991872173 dt=0.00029261148419341379 residual=9.3186037945839842e-05 checked=false stop=running
step=169 time=0.049451341475946986 dt=0.00029261148407480988 residual=9.2907151863445372e-05 checked=false stop=running
step=170 time=0.049743952959900445 dt=0.00029261148395345659 residual=9.263526656362577e-05 checked=false stop=running
step=171 time=0.050036564443729767 dt=0.00029261148382932179 residual=9.2370271791795597e-05 checked=false stop=running
step=172 time=0.050329175927432142 dt=0.00029261148370237543 residual=9.2112049496618042e-05 checked=false stop=running
step=173 time=0.050621787411004732 dt=0.00029261148357258889 residual=9.1860477718762597e-05 checked=false stop=running
step=174 time=0.050914398894444671 dt=0.00029261148343993557 residual=9.1615425476682975e-05 checked=false stop=running
step=175 time=0.051207010377749058 dt=0.00029261148330439083 residual=9.137675695826476e-05 checked=false stop=running
step=176 time=0.051499621860914988 dt=0.00029261148316593182 residual=9.1144330292171834e-05 checked=false stop=running
step=177 time=0.051792233343939523 dt=0.00029261148302453798 residual=9.0917995240518345e-05 checked=false stop=running
step=178 time=0.052084844826819715 dt=0.00029261148288019028 residual=9.0697597670248554e-05 checked=false stop=running
step=179 time=0.052377456309552588 dt=0.00029261148273287214 residual=9.0482975727850681e-05 checked=false stop=running
step=180 time=0.052670067792135157 dt=0.00029261148258256903 residual=9.027396230906141e-05 checked=true stop=running
step=181 time=0.052962679274564425 dt=0.00029261148242926827 residual=9.0070384631622433e-05 checked=false stop=running
step=182 time=0.053255290756837388 dt=0.0002926114822729596 residual=8.9872063785751349e-05 checked=false stop=running
step=183 time=0.05354790223895102 dt=0.00029261148211363463 residual=8.9678815843256224e-05 checked=false stop=running
step=184 time=0.05384051372090231 dt=0.00029261148195128739 residual=8.9490451588152695e-05 checked=false stop=running
step=185 time=0.054133125202688225 dt=0.00029261148178591376 residual=8.9306777283054464e-05 checked=false stop=running
step=186 time=0.054425736684305739 dt=0.00029261148161751222 residual=8.9127594291124804e-05 checked=false stop=running
step=187 time=0.054718348165751822 dt=0.00029261148144608311 residual=8.8952699580726395e-05 checked=false stop=running
step=188 time=0.055010959647023454 dt=0.00029261148127162902 residual=8.8781886235420149e-05 checked=false stop=running
step=189 time=0.05530357112811761 dt=0.00029261148109415482 residual=8.86149445856379e-05 checked=false stop=running
step=190 time=0.055596182609031278 dt=0.00029261148091366758 residual=8.8451659985552277e-05 checked=false stop=running
step=191 time=0.055888794089761454 dt=0.00029261148073017639 residual=8.8291816928383202e-05 checked=false stop=running
step=192 time=0.056181405570305147 dt=0.00029261148054369264 residual=8.8135195593325982e-05 checked=false stop=running
step=193 time=0.056474017050659374 dt=0.0002926114803542301 residual=8.7981575011368879e-05 checked=false stop=running
step=194 time=0.056766628530821178 dt=0.00029261148016180438 residual=8.7830731767226937e-05 checked=false stop=running
step=195 time=0.057059240010787611 dt=0.00029261147996643321 residual=8.7682441689487683e-05 checked=false stop=running
step=196 time=0.057351851490555751 dt=0.00029261147976813675 residual=8.7536479729207812e-05 checked=false stop=running
step=197 time=0.057644462970122691 dt=0.00029261147956693707 residual=8.7392618590814483e-05 checked=false stop=running
step=198 time=0.057937074449485551 dt=0.0002926114793628584 residual=8.7250632862743242e-05 checked=false stop=running
step=199 time=0.058229685928641479 dt=0.00029261147915592693 residual=8.7110295904728059e-05 checked=false stop=running
step=200 time=0.058522297407587652 dt=0.00029261147894617099 residual=8.697138225882761e-05 checked=true stop=running
step=201 time=0.058814908886321272 dt=0.0002926114787336208 residual=8.6833667066184679e-05 checked=false stop=running
step=202 time=0.059107520364839579 dt=0.00029261147851830887 residual=8.6696926744281438e-05 checked=false stop=running
step=203 time=0.059400131843139851 dt=0.00029261147830026915 residual=8.6560938682302011e-05 checked=false stop=running
step=204 time=0.059692743321219391 dt=0.000292611478079538 residual=8.6425484337314111e-05 checked=false stop=running
step=205 time=0.059985354799075546 dt=0.00029261147785615332 residual=8.6290344578761048e-05 checked=false stop=running
step=206 time=0.060277966276705702 dt=0.00029261147763015501 residual=8.6155305774820372e-05 checked=false stop=running
step=207 time=0.060570577754107284 dt=0.00029261147740158465 residual=8.6020155481921683e-05 checked=false stop=running
step=208 time=0.060863189231277773 dt=0.00029261147717048576 residual=8.5884685534583195e-05 checked=false stop=running
step=209 time=0.061155800708214678 dt=0.00029261147693690324 residual=8.5748690796661037e-05 checked=false stop=running
step=210 time=0.061448412184915563 dt=0.00029261147670088408 residual=8.5611970021518476e-05 checked=false stop=running
step=211 time=0.061741023661378042 dt=0.00029261147646247681 residual=8.547432665970367e-05 checked=false stop=running
step=212 time=0.062033635137599775 dt=0.00029261147622173112 residual=8.5335568786699132e-05 checked=false stop=running
step=213 time=0.062326246613578475 dt=0.00029261147597869875 residual=8.5195508453943933e-05 checked=false stop=running
step=214 time=0.062618858089311905 dt=0.00029261147573343276 residual=8.505396337419643e-05 checked=false stop=running
step=215 time=0.062911469564797887 dt=0.00029261147548598752 residual=8.4910756177634437e-05 checked=false stop=running
step=216 time=0.063204081040034304 dt=0.00029261147523641882 residual=8.4765714471460516e-05 checked=false stop=running
step=217 time=0.06349669251501909 dt=0.00029261147498478395 residual=8.4618672882373595e-05 checked=false stop=running
step=218 time=0.063789303989750232 dt=0.00029261147473114119 residual=8.4469469846839936e-05 checked=false stop=running
step=219 time=0.064081915464225786 dt=0.0002926114744755504 residual=8.4317951698285038e-05 checked=false stop=running
step=220 time=0.064374526938443852 dt=0.00029261147421807238 residual=8.4163969541500836e-05 checked=true stop=running
step=221 time=0.064667138412402625 dt=0.00029261147395876901 residual=8.4007380810808692e-05 checked=false stop=running
step=222 time=0.064959749886100329 dt=0.00029261147369770343 residual=8.3848050379116312e-05 checked=false stop=running
step=223 time=0.065252361359535271 dt=0.00029261147343493976 residual=8.3685848691590999e-05 checked=false stop=running
step=224 time=0.065544972832705814 dt=0.00029261147317054286 residual=8.352065265183744e-05 checked=false stop=running
step=225 time=0.065837584305610389 dt=0.00029261147290457869 residual=8.3352346247446375e-05 checked=false stop=running
step=226 time=0.066130195778247497 dt=0.00029261147263711415 residual=8.3180820163942728e-05 checked=false stop=running
step=227 time=0.066422807250615709 dt=0.00029261147236821661 residual=8.3005971726609519e-05 checked=false stop=running
step=228 time=0.066715418722713665 dt=0.00029261147209795461 residual=8.2827705731345282e-05 checked=false stop=running
step=229 time=0.067008030194540061 dt=0.00029261147182639693 residual=8.2645932142399108e-05 checked=false stop=running
step=230 time=0.067300641666093675 dt=0.00029261147155361324 residual=8.2460569210274733e-05 checked=false stop=running
step=231 time=0.067593253137373355 dt=0.00029261147127967373 residual=8.2271541828278966e-05 checked=false stop=running
step=232 time=0.067885864608378005 dt=0.00029261147100464915 residual=8.2078781928458135e-05 checked=false stop=running
step=233 time=0.068178476079106612 dt=0.00029261147072861063 residual=8.1882226891007745e-05 checked=false stop=running
step=234 time=0.068471087549558246 dt=0.00029261147045162961 residual=8.1681822758629285e-05 checked=false stop=running
step=235 time=0.068763699019732019 dt=0.00029261147017377824 residual=8.1477521398196407e-05 checked=false stop=running
step=236 time=0.069056310489627154 dt=0.00029261146989512874 residual=8.1269281047692006e-05 checked=false stop=running
step=237 time=0.069348921959242901 dt=0.00029261146961575353 residual=8.1057067204051928e-05 checked=false stop=running
step=238 time=0.069641533428578622 dt=0.0002926114693357252 residual=8.0840851944926124e-05 checked=false stop=running
step=239 time=0.069934144897633735 dt=0.00029261146905511676 residual=8.0620613567249956e-05 checked=false stop=running
step=240 time=0.070226756366407739 dt=0.00029261146877400103 residual=8.0396336555645041e-05 checked=true stop=running
step=241 time=0.07051936783490019 dt=0.00029261146849245096 residual=8.0168012157683059e-05 checked=false stop=running
step=242 time=0.070811979303110728 dt=0.00029261146821053959 residual=7.9935637847578547e-05 checked=false stop=running
step=243 time=0.071104590771039061 dt=0.00029261146792833981 residual=7.9699216445069615e-05 checked=false stop=running
step=244 time=0.071397202238684981 dt=0.00029261146764592456 residual=7.9458757807873565e-05 checked=false stop=running
step=245 time=0.07168981370604835 dt=0.00029261146736336634 residual=7.921427726374822e-05 checked=false stop=running
step=246 time=0.071982425173129083 dt=0.00029261146708073777 residual=7.8965795071620019e-05 checked=false stop=running
step=247 time=0.072275036639927195 dt=0.00029261146679811098 residual=7.8713338590060493e-05 checked=false stop=running
step=248 time=0.072567648106442756 dt=0.00029261146651555792 residual=7.8456939217462818e-05 checked=false stop=running
step=249 time=0.072860259572675903 dt=0.00029261146623315042 residual=7.8196635077669145e-05 checked=false stop=running
step=250 time=0.07315287103862686 dt=0.00029261146595095948 residual=7.7932467829015922e-05 checked=false stop=running
step=251 time=0.073445482504295917 dt=0.00029261146566905623 residual=7.7664485372654172e-05 checked=false stop=running
step=252 time=0.073738093969683421 dt=0.00029261146538751083 residual=7.7392740309656656e-05 checked=false stop=running
step=253 time=0.074030705434789817 dt=0.00029261146510639331 residual=7.7117289710042672e-05 checked=false stop=running
step=254 time=0.074323316899615591 dt=0.00029261146482577311 residual=7.6838194888512119e-05 checked=false stop=running
step=255 time=0.07461592836416131 dt=0.00029261146454571897 residual=7.6555522365021004e-05 checked=false stop=running
step=256 time=0.074908539828427614 dt=0.0002926114642662992 residual=7.626934265014663e-05 checked=false stop=running
step=257 time=0.075201151292415197 dt=0.00029261146398758129 residual=7.5979729789715135e-05 checked=false stop=running
step=258 time=0.075493762756124835 dt=0.00029261146370963224 residual=7.5686762188107489e-05 checked=false stop=running
step=259 time=0.075786374219557348 dt=0.00029261146343251829 residual=7.5390521887738993e-05 checked=false stop=running
step=260 time=0.076078985682713651 dt=0.00029261146315630483 residual=7.5091095073957092e-05 checked=true stop=running
step=261 time=0.076371597145594702 dt=0.00029261146288105659 residual=7.4788569772202932e-05 checked=false stop=running
step=262 time=0.076664208608201542 dt=0.00029261146260683762 residual=7.4483039024954111e-05 checked=false stop=running
step=263 time=0.076956820070535253 dt=0.00029261146233371094 residual=7.4174597969266359e-05 checked=false stop=running
step=264 time=0.077249431532596988 dt=0.00029261146206173877 residual=7.3863344563400836e-05 checked=false stop=running
step=265 time=0.077542042994387966 dt=0.00029261146179098259 residual=7.3549380232224894e-05 checked=false stop=running
step=266 time=0.077834654455909466 dt=0.00029261146152150279 residual=7.3232808172533025e-05 checked=false stop=running
step=267 time=0.078127265917162819 dt=0.00029261146125335888 residual=7.291373443589693e-05 checked=false stop=running
step=268 time=0.078419877378149427 dt=0.00029261146098660958 residual=7.2592267142497263e-05 checked=false stop=running
step=269 time=0.078712488838870734 dt=0.00029261146072131252 residual=7.2268516764940891e-05 checked=false stop=running
step=270 time=0.079005100299328251 dt=0.00029261146045752434 residual=7.1942594664525125e-05 checked=false stop=running
step=271 time=0.079297711759523548 dt=0.00029261146019530072 residual=7.1614615454022716e-05 checked=false stop=running
step=272 time=0.079590323219458248 dt=0.00029261145993469631 residual=7.1284694112108032e-05 checked=false stop=running
step=273 time=0.079882934679134016 dt=0.00029261145967576454 residual=7.0952947481748435e-05 checked=false stop=running
step=274 time=0.080175546138552573 dt=0.00029261145941855801 residual=7.061949394220739e-05 checked=false stop=running
step=275 time=0.080468157597715695 dt=0.00029261145916312828 residual=7.0284452510034333e-05 checked=false stop=running
step=276 time=0.080760769056625215 dt=0.00029261145890952564 residual=6.9947943341682018e-05 checked=false stop=running
step=277 time=0.081053380515283019 dt=0.00029261145865779926 residual=6.9610087040060631e-05 checked=false stop=running
step=278 time=0.081345991973691023 dt=0.00029261145840799751 residual=6.9271005621444724e-05 checked=false stop=running
step=279 time=0.081638603431851184 dt=0.00029261145816016727 residual=6.893082098405711e-05 checked=false stop=running
step=280 time=0.081931214889765541 dt=0.00029261145791435457 residual=6.8589655752632889e-05 checked=true stop=running
step=281 time=0.082223826347436149 dt=0.00029261145767060407 residual=6.824763231817014e-05 checked=false stop=running
step=282 time=0.082516437804865103 dt=0.00029261145742895948 residual=6.79048737660703e-05 checked=false stop=running
step=283 time=0.082809049262054568 dt=0.00029261145718946323 residual=6.7561502756566236e-05 checked=false stop=running
step=284 time=0.083101660719006723 dt=0.00029261145695215674 residual=6.7217641521855525e-05 checked=false stop=running
step=285 time=0.083394272175723802 dt=0.00029261145671707992 residual=6.687341244535434e-05 checked=false stop=running
step=286 time=0.083686883632208067 dt=0.00029261145648427212 residual=6.6528937265251763e-05 checked=false stop=running
step=287 time=0.083979495088461836 dt=0.00029261145625377084 residual=6.6184337644028217e-05 checked=false stop=running
step=288 time=0.084272106544487455 dt=0.00029261145602561296 residual=6.5839733449700298e-05 checked=false stop=running
step=289 time=0.084564718000287295 dt=0.00029261145579983382 residual=6.549524477530595e-05 checked=false stop=running
step=290 time=0.084857329455863759 dt=0.00029261145557646774 residual=6.5150990216423084e-05 checked=false stop=running
step=291 time=0.085149940911219302 dt=0.00029261145535554794 residual=6.4807088101808907e-05 checked=false stop=running
step=292 time=0.085442552366356408 dt=0.00029261145513710636 residual=6.4463654292745034e-05 checked=false stop=running
step=293 time=0.085735163821277577 dt=0.00029261145492117362 residual=6.4120804538877511e-05 checked=false stop=running
step=294 time=0.08602777527598536 dt=0.00029261145470777959 residual=6.3778653230129207e-05 checked=false stop=running
step=295 time=0.086320386730482312 dt=0.00029261145449695274 residual=6.3437312494752076e-05 checked=false stop=running
step=296 time=0.086612998184771028 dt=0.00029261145428872027 residual=6.3096893946023861e-05 checked=false stop=running
step=297 time=0.086905609638854131 dt=0.00029261145408310827 residual=6.2757506592503714e-05 checked=false stop=running
step=298 time=0.087198221092734271 dt=0.00029261145388014193 residual=6.2419258807167483e-05 checked=false stop=running
step=299 time=0.087490832546414113 dt=0.00029261145367984507 residual=6.2082255996244459e-05 checked=false stop=running
step=300 time=0.087783443999896349 dt=0.00029261145348224044 residual=6.174660254696305e-05 checked=true stop=running
step=301 time=0.088076055453183699 dt=0.00029261145328734957 residual=6.1412400563899095e-05 checked=false stop=running
step=302 time=0.088368666906278898 dt=0.00029261145309519301 residual=6.107975034994944e-05 checked=false stop=running
step=303 time=0.088661278359184692 dt=0.00029261145290579015 residual=6.0748750283963269e-05 checked=false stop=running
step=304 time=0.088953889811903858 dt=0.00029261145271915944 residual=6.041949532344508e-05 checked=false stop=running
step=305 time=0.089246501264439171 dt=0.00029261145253531778 residual=6.0092079594082105e-05 checked=false stop=running
step=306 time=0.089539112716793448 dt=0.0002926114523542815 residual=5.9766595058391251e-05 checked=false stop=running
step=307 time=0.089831724168969507 dt=0.0002926114521760656 residual=5.9443129706372399e-05 checked=false stop=running
step=308 time=0.090124335620970192 dt=0.00029261145200068414 residual=5.9121770968206274e-05 checked=false stop=running
step=309 time=0.090416947072798348 dt=0.00029261145182815 residual=5.8802603211047413e-05 checked=false stop=running
step=310 time=0.090709558524456821 dt=0.00029261145165847502 residual=5.848570737177607e-05 checked=false stop=running
step=311 time=0.091002169975948496 dt=0.00029261145149167035 residual=5.8171163067303044e-05 checked=false stop=running
step=312 time=0.091294781427276248 dt=0.00029261145132774554 residual=5.7859047073086886e-05 checked=false stop=running
step=313 time=0.091587392878442961 dt=0.00029261145116670964 residual=5.7549433147306143e-05 checked=false stop=running
step=314 time=0.091880004329451537 dt=0.00029261145100857068 residual=5.7242393016738937e-05 checked=false stop=running
step=315 time=0.092172615780304876 dt=0.00029261145085333543 residual=5.6937994913729561e-05 checked=false stop=running
step=316 time=0.092465227231005892 dt=0.00029261145070100995 residual=5.6636305079364723e-05 checked=false stop=running
step=317 time=0.092757838681557486 dt=0.00029261145055159925 residual=5.633738672120613e-05 checked=false stop=running
step=318 time=0.0930504501319626 dt=0.00029261145040510755 residual=5.604130099549757e-05 checked=false stop=running
step=319 time=0.093343061582224135 dt=0.00029261145026153787 residual=5.574810514963929e-05 checked=false stop=running
step=320 time=0.093635673032345032 dt=0.00029261145012089273 residual=5.5457854262923605e-05 checked=true stop=running
step=321 time=0.093928284482328206 dt=0.00029261144998317352 residual=5.5170600826338486e-05 checked=false stop=running
step=322 time=0.094220895932176585 dt=0.00029261144984838084 residual=5.488639392572522e-05 checked=false stop=running
step=323 time=0.094513507381893097 dt=0.00029261144971651421 residual=5.460528079006892e-05 checked=false stop=running
step=324 time=0.094806118831480671 dt=0.0002926114495875727 residual=5.4327305850260235e-05 checked=false stop=running
step=325 time=0.09509873028094222 dt=0.00029261144946155448 residual=5.4052509326096229e-05 checked=false stop=running
step=326 time=0.095391341730280674 dt=0.00029261144933845655 residual=5.3780930031265762e-05 checked=false stop=running
step=327 time=0.095683953179498946 dt=0.00029261144921827555 residual=5.3512604003960419e-05 checked=false stop=running
step=328 time=0.09597656462859995 dt=0.00029261144910100733 residual=5.3247563557242668e-05 checked=false stop=running
step=329 time=0.096269176077586602 dt=0.00029261144898664666 residual=5.2985839702154985e-05 checked=false stop=running
step=330 time=0.096561787526461787 dt=0.00029261144887518791 residual=5.2727459287603099e-05 checked=false stop=running
step=331 time=0.096854398975228406 dt=0.00029261144876662452 residual=5.2472447726642126e-05 checked=false stop=running
step=332 time=0.09714701042388936 dt=0.00029261144866094929 residual=5.2220826914448914e-05 checked=false stop=running
step=333 time=0.097439621872447521 dt=0.00029261144855815451 residual=5.1972616300275085e-05 checked=false stop=running
step=334 time=0.097732233320905748 dt=0.00029261144845823135 residual=5.1727833175909946e-05 checked=false stop=running
step=335 time=0.098024844769266914 dt=0.00029261144836117091 residual=5.148649173828271e-05 checked=false stop=running
step=336 time=0.098317456217533877 dt=0.00029261144826696318 residual=5.1248603987975236e-05 checked=false stop=running
step=337 time=0.098610067665709469 dt=0.00029261144817559778 residual=5.1014179179828204e-05 checked=false stop=running
step=338 time=0.098902679113796535 dt=0.00029261144808706368 residual=5.0783224554816959e-05 checked=false stop=running
step=339 time=0.099195290561797878 dt=0.00029261144800134926 residual=5.0555744698675718e-05 checked=false stop=running
step=340 time=0.099487902009716314 dt=0.000292611447918442 residual=5.0331741125279781e-05 checked=true stop=running
step=341 time=0.099780513457554648 dt=0.00029261144783832965 residual=5.0111214676540964e-05 checked=false stop=running
step=342 time=0.10007312490531564 dt=0.00029261144776099855 residual=4.9894162250668013e-05 checked=false stop=running
step=343 time=0.10036573635300208 dt=0.00029261144768643498 residual=4.9680579718299317e-05 checked=false stop=running
step=344 time=0.10065834780061671 dt=0.00029261144761462453 residual=4.9470459761354536e-05 checked=false stop=running
step=345 time=0.10095095924816226 dt=0.00029261144754555256 residual=4.9263793967573835e-05 checked=false stop=running
step=346 time=0.10124357069564147 dt=0.00029261144747920361 residual=4.9060571486851563e-05 checked=false stop=running
step=347 time=0.10153618214305703 dt=0.00029261144741556198 residual=4.8860779072554071e-05 checked=false stop=running
step=348 time=0.10182879359041164 dt=0.00029261144735461149 residual=4.8664402086979198e-05 checked=false stop=running
step=349 time=0.10212140503770797 dt=0.00029261144729633541 residual=4.8471423692962588e-05 checked=false stop=running
step=350 time=0.10241401648494869 dt=0.00029261144724071692 residual=4.8281825678923149e-05 checked=false stop=running
step=351 time=0.10270662793213643 dt=0.00029261144718773836 residual=4.8095587332595881e-05 checked=false stop=running
step=352 time=0.10299923937927381 dt=0.00029261144713738215 residual=4.7912686948344858e-05 checked=false stop=running
step=353 time=0.10329185082636344 dt=0.00029261144708962983 residual=4.7733100927301922e-05 checked=false stop=running
step=354 time=0.10358446227340791 dt=0.0002926114470444631 residual=4.7556803843580698e-05 checked=false stop=running
step=355 time=0.10387707372040977 dt=0.00029261144700186285 residual=4.73837692603539e-05 checked=false stop=running
step=356 time=0.10416968516737159 dt=0.00029261144696181003 residual=4.7213969011057379e-05 checked=false stop=running
step=357 time=0.10446229661429587 dt=0.00029261144692428509 residual=4.7047373814617754e-05 checked=false stop=running
step=358 time=0.10475490806118515 dt=0.00029261144688926834 residual=4.6883952925772163e-05 checked=false stop=running
step=359 time=0.10504751950804189 dt=0.00029261144685673951 residual=4.6723673986149754e-05 checked=false stop=running
step=360 time=0.10534013095486858 dt=0.00029261144682667822 residual=4.6566504496755015e-05 checked=true stop=running
step=361 time=0.10563274240166765 dt=0.00029261144679906402 residual=4.641240926514642e-05 checked=false stop=running
step=362 time=0.10592535384844153 dt=0.00029261144677387589 residual=4.6261353739320282e-05 checked=false stop=running
step=363 time=0.10621796529519262 dt=0.00029261144675109285 residual=4.6113301321079054e-05 checked=false stop=running
step=364 time=0.10651057674192331 dt=0.00029261144673069364 residual=4.5968214632902784e-05 checked=false stop=running
step=365 time=0.10680318818863596 dt=0.00029261144671265652 residual=4.5826056165720456e-05 checked=false stop=running
step=366 time=0.10709579963533292 dt=0.00029261144669695999 residual=4.5686786757133112e-05 checked=false stop=running
step=367 time=0.10738841108201649 dt=0.00029261144668358202 residual=4.555036715577436e-05 checked=false stop=running
step=368 time=0.107681022528689 dt=0.00029261144667250066 residual=4.5416756450674161e-05 checked=false stop=running
step=369 time=0.10797363397535269 dt=0.00029261144666369368 residual=4.5285914631691705e-05 checked=false stop=running
step=370 time=0.10826624542200983 dt=0.00029261144665713871 residual=4.5157800017431013e-05 checked=false stop=running
step=371 time=0.10855885686866264 dt=0.00029261144665281323 residual=4.5032370719224529e-05 checked=false stop=running
step=372 time=0.10885146831531334 dt=0.00029261144665069448 residual=4.4909584527153934e-05 checked=false stop=running
step=373 time=0.10914407976196409 dt=0.00029261144665076002 residual=4.4789398756192583e-05 checked=false stop=running
step=374 time=0.10943669120861708 dt=0.00029261144665298686 residual=4.4671770810211117e-05 checked=false stop=running
step=375 time=0.10972930265527443 dt=0.00029261144665735202 residual=4.4556657014323749e-05 checked=false stop=running
step=376 time=0.11002191410193826 dt=0.00029261144666383252 residual=4.4444014355363811e-05 checked=false stop=running
step=377 time=0.11031452554861067 dt=0.00029261144667240541 residual=4.4333798998035158e-05 checked=false stop=running
step=378 time=0.11060713699529372 dt=0.00029261144668304745 residual=4.4225967397726112e-05 checked=false stop=running
step=379 time=0.11089974844198945 dt=0.00029261144669573533 residual=4.4120475865450971e-05 checked=false stop=running
step=380 time=0.1111923598886999 dt=0.00029261144671044594 residual=4.4017280352930387e-05 checked=true stop=running
step=381 time=0.11148497133542705 dt=0.00029261144672715599 residual=4.3916337688409622e-05 checked=false stop=running
step=382 time=0.1117775827821729 dt=0.00029261144674584206 residual=4.3817603617667376e-05 checked=false stop=running
step=383 time=0.11207019422893938 dt=0.00029261144676648104 residual=4.3721034914646881e-05 checked=false stop=running
step=384 time=0.11236280567572843 dt=0.0002926114467890493 residual=4.3626588191815077e-05 checked=false stop=running
step=385 time=0.11265541712254196 dt=0.0002926114468135237 residual=4.3534220214415395e-05 checked=false stop=running
step=386 time=0.11294802856938184 dt=0.00029261144683988093 residual=4.3443888360530704e-05 checked=false stop=running
step=387 time=0.11324064001624994 dt=0.00029261144686809756 residual=4.3355549227513093e-05 checked=false stop=running
step=388 time=0.11353325146314809 dt=0.00029261144689815034 residual=4.3269161132395135e-05 checked=false stop=running
step=389 time=0.11382586291007811 dt=0.00029261144693001602 residual=4.3184681709147145e-05 checked=false stop=running
step=390 time=0.11411847435704178 dt=0.00029261144696367128 residual=4.3102068961820448e-05 checked=false stop=running
step=391 time=0.11441108580404087 dt=0.00029261144699909298 residual=4.3021282101035118e-05 checked=false stop=running
step=392 time=0.11470369725107712 dt=0.00029261144703625802 residual=4.2942280059336524e-05 checked=false stop=running
step=393 time=0.11499630869815226 dt=0.00029261144707514326 residual=4.2865022237015205e-05 checked=false stop=running
step=394 time=0.115288920145268 dt=0.0002926114471157257 residual=4.2789468671705618e-05 checked=false stop=running
step=395 time=0.11558153159242597 dt=0.00029261144715798232 residual=4.2715579822057893e-05 checked=false stop=running
step=396 time=0.11587414303962786 dt=0.00029261144720189034 residual=4.2643316487724365e-05 checked=false stop=running
step=397 time=0.11616675448687529 dt=0.00029261144724742683 residual=4.2572640756171617e-05 checked=false stop=running
step=398 time=0.11645936593416986 dt=0.00029261144729456913 residual=4.2503514103531017e-05 checked=false stop=running
step=399 time=0.11675197738151316 dt=0.00029261144734329454 residual=4.2435899419373617e-05 checked=false stop=running
step=400 time=0.11704458882890674 dt=0.00029261144739358059 residual=4.2369759827069739e-05 checked=true stop=running
step=401 time=0.11733720027635214 dt=0.00029261144744540475 residual=4.230505894577269e-05 checked=false stop=running
step=402 time=0.11762981172385088 dt=0.00029261144749874479 residual=4.2241761191090924e-05 checked=false stop=running
step=403 time=0.11792242317140446 dt=0.00029261144755357837 residual=4.2179831799991391e-05 checked=false stop=running
step=404 time=0.11821503461901434 dt=0.00029261144760988332 residual=4.2119235945103347e-05 checked=false stop=running
step=405 time=0.11850764606668197 dt=0.00029261144766763784 residual=4.2059940201002121e-05 checked=false stop=running
step=406 time=0.1188002575144088 dt=0.00029261144772681989 residual=4.2001911089483771e-05 checked=false stop=running
step=407 time=0.1190928689621962 dt=0.00029261144778740765 residual=4.1945116140302486e-05 checked=false stop=running
step=408 time=0.11938548041004558 dt=0.00029261144784937956 residual=4.188952356793581e-05 checked=false stop=running
step=409 time=0.1196780918579583 dt=0.00029261144791271426 residual=4.1835102015573914e-05 checked=false stop=running
step=410 time=0.11997070330593569 dt=0.00029261144797739018 residual=4.1781820759889e-05 checked=false stop=running
step=411 time=0.12026331475397908 dt=0.00029261144804338616 residual=4.1729650122018062e-05 checked=false stop=running
step=412 time=0.12055592620208977 dt=0.00029261144811068112 residual=4.1678560599654862e-05 checked=false stop=running
step=413 time=0.12084853765026903 dt=0.00029261144817925409 residual=4.162852342746677e-05 checked=false stop=running
step=414 time=0.12114114909851811 dt=0.00029261144824908425 residual=4.1579510590900861e-05 checked=false stop=running
step=415 time=0.12143376054683827 dt=0.0002926114483201511 residual=4.1531494710663283e-05 checked=false stop=running
step=416 time=0.1217263719952307 dt=0.00029261144839243394 residual=4.1484448940431947e-05 checked=false stop=running
step=417 time=0.12201898344369662 dt=0.00029261144846591259 residual=4.1438346986347477e-05 checked=false stop=running
step=418 time=0.12231159489223718 dt=0.00029261144854056685 residual=4.1393163398211555e-05 checked=false stop=running
step=419 time=0.12260420634085356 dt=0.00029261144861637654 residual=4.1348873448883687e-05 checked=false stop=running
step=420 time=0.12289681778954688 dt=0.00029261144869332188 residual=4.1305452421006425e-05 checked=true stop=running
step=421 time=0.12318942923831826 dt=0.00029261144877138314 residual=4.1262876912275845e-05 checked=false stop=running
step=422 time=0.1234820406871688 dt=0.00029261144885054085 residual=4.1221123383385801e-05 checked=false stop=running
step=423 time=0.12377465213609957 dt=0.00029261144893077566 residual=4.1180169492731328e-05 checked=false stop=running
step=424 time=0.12406726358511164 dt=0.00029261144901206822 residual=4.1139993162872072e-05 checked=false stop=running
step=425 time=0.12435987503420604 dt=0.00029261144909439944 residual=4.1100572796927737e-05 checked=false stop=running
step=426 time=0.12465248648338378 dt=0.00029261144917775079 residual=4.1061887603965634e-05 checked=false stop=running
step=427 time=0.12494509793264588 dt=0.00029261144926210313 residual=4.1023917181480311e-05 checked=false stop=running
step=428 time=0.12523770938199333 dt=0.00029261144934743819 residual=4.0986641361382775e-05 checked=false stop=running
step=429 time=0.12553032083142707 dt=0.00029261144943373748 residual=4.095004104844705e-05 checked=false stop=running
step=430 time=0.12582293228094804 dt=0.00029261144952098296 residual=4.0914097298117983e-05 checked=false stop=running
step=431 time=0.12611554373055719 dt=0.00029261144960915651 residual=4.0878791509793482e-05 checked=false stop=running
step=432 time=0.12640815518025544 dt=0.0002926114496982402 residual=4.0844105788245755e-05 checked=false stop=running
step=433 time=0.12670076663004365 dt=0.00029261144978821657 residual=4.0810022578239636e-05 checked=false stop=running
step=434 time=0.12699337807992273 dt=0.00029261144987906799 residual=4.0776524972382233e-05 checked=false stop=running
step=435 time=0.12728598952989351 dt=0.00029261144997077729 residual=4.0743596222117446e-05 checked=false stop=running
step=436 time=0.12757860097995682 dt=0.00029261145006332707 residual=4.0711219823511062e-05 checked=false stop=running
step=437 time=0.12787121243011351 dt=0.00029261145015670051 residual=4.0679380077143147e-05 checked=false stop=running
step=438 time=0.1281638238803644 dt=0.00029261145025088093 residual=4.0648061239467037e-05 checked=false stop=running
step=439 time=0.12845643533071024 dt=0.00029261145034585161 residual=4.061724840174406e-05 checked=false stop=running
step=440 time=0.12874904678115184 dt=0.00029261145044159604 residual=4.058692648151324e-05 checked=true stop=running
step=441 time=0.12904165823168995 dt=0.00029261145053809806 residual=4.0557080982807901e-05 checked=false stop=running
step=442 time=0.12933426968232528 dt=0.00029261145063534156 residual=4.0527697722058074e-05 checked=false stop=running
step=443 time=0.12962688113305859 dt=0.00029261145073331067 residual=4.0498762896882343e-05 checked=false stop=running
step=444 time=0.12991949258389057 dt=0.0002926114508319896 residual=4.0470262435821864e-05 checked=false stop=running
step=445 time=0.13021210403482195 dt=0.0002926114509313628 residual=4.0442183368959404e-05 checked=false stop=running
step=446 time=0.13050471548585335 dt=0.00029261145103141493 residual=4.041451189326362e-05 checked=false stop=running
step=447 time=0.13079732693698548 dt=0.00029261145113213075 residual=4.0387235702622342e-05 checked=false stop=running
step=448 time=0.13108993838821897 dt=0.0002926114512334952 residual=4.0360341553871665e-05 checked=false stop=running
step=449 time=0.13138254983955447 dt=0.00029261145133549347 residual=4.0333816705796113e-05 checked=false stop=running
step=450 time=0.13167516129099258 dt=0.00029261145143811082 residual=4.0307649348102495e-05 checked=false stop=running
step=451 time=0.13196777274253391 dt=0.00029261145154133272 residual=4.0281826549756396e-05 checked=false stop=running
step=452 time=0.13226038419417904 dt=0.00029261145164514492 residual=4.0256336578521505e-05 checked=false stop=running
step=453 time=0.13255299564592857 dt=0.00029261145174953315 residual=4.0231167343626716e-05 checked=false stop=running
step=454 time=0.13284560709778306 dt=0.00029261145185448338 residual=4.0206306818465492e-05 checked=false stop=running
step=455 time=0.13313821854974306 dt=0.00029261145195998183 residual=4.018174311698639e-05 checked=false stop=running
step=456 time=0.13343083000180908 dt=0.00029261145206601474 residual=4.0157464647634538e-05 checked=false stop=running
step=457 time=0.13372344145398166 dt=0.00029261145217256867 residual=4.0133459320458658e-05 checked=false stop=running
step=458 time=0.13401605290626128 dt=0.00029261145227963038 residual=4.0109716016385632e-05 checked=false stop=running
step=459 time=0.13430866435864847 dt=0.00029261145238718649 residual=4.0086222840873862e-05 checked=false stop=running
step=460 time=0.1346012758111437 dt=0.00029261145249522398 residual=4.0062967908610266e-05 checked=true stop=running
step=461 time=0.13489388726374743 dt=0.00029261145260373012 residual=4.0039940158396915e-05 checked=false stop=running
step=462 time=0.13518649871646013 dt=0.00029261145271269228 residual=4.0017127464939401e-05 checked=false stop=running
step=463 time=0.13547911016928224 dt=0.00029261145282209782 residual=3.9994518356434887e-05 checked=false stop=running
step=464 time=0.13577172162221418 dt=0.00029261145293193428 residual=3.9972101040571705e-05 checked=false stop=running
step=465 time=0.13606433307525637 dt=0.00029261145304218961 residual=3.9949864149501474e-05 checked=false stop=running
step=466 time=0.13635694452840921 dt=0.00029261145315285158 residual=3.992779575466513e-05 checked=false stop=running
step=467 time=0.13664955598167311 dt=0.00029261145326390842 residual=3.9905883530296707e-05 checked=false stop=running
step=468 time=0.13694216743504845 dt=0.0002926114533753483 residual=3.9884115934585912e-05 checked=false stop=running
step=469 time=0.13723477888853561 dt=0.00029261145348715968 residual=3.9862480943484662e-05 checked=false stop=running
step=470 time=0.13752739034213493 dt=0.00029261145359933108 residual=3.9840965804667081e-05 checked=false stop=running
step=471 time=0.13782000179584677 dt=0.00029261145371185115 residual=3.9819559335193924e-05 checked=false stop=running
step=472 time=0.13811261324967147 dt=0.0002926114538247089 residual=3.9798248256838237e-05 checked=false stop=running
step=473 time=0.13840522470360936 dt=0.00029261145393789316 residual=3.9777020585126786e-05 checked=false stop=running
step=474 time=0.13869783615766076 dt=0.00029261145405139318 residual=3.9755863103394868e-05 checked=false stop=running
step=475 time=0.13899044761182597 dt=0.00029261145416519815 residual=3.9734763489086768e-05 checked=false stop=running
step=476 time=0.13928305906610527 dt=0.00029261145427929758 residual=3.9713708962924653e-05 checked=false stop=running
step=477 time=0.13957567052049896 dt=0.00029261145439368091 residual=3.9692685751630562e-05 checked=false stop=running
step=478 time=0.13986828197500731 dt=0.00029261145450833811 residual=3.9671680875856422e-05 checked=false stop=running
step=479 time=0.14016089342963056 dt=0.00029261145462325876 residual=3.9650681103832529e-05 checked=false stop=running
step=480 time=0.140453504884369 dt=0.00029261145473843302 residual=3.9629672714008172e-05 checked=true stop=running
step=481 time=0.14074611633922285 dt=0.00029261145485385095 residual=3.9608642047578803e-05 checked=false stop=running
step=482 time=0.14103872779419235 dt=0.00029261145496950279 residual=3.9587574762315703e-05 checked=false stop=running
step=483 time=0.14133133924927774 dt=0.00029261145508537902 residual=3.9566457101312388e-05 checked=false stop=running
step=484 time=0.1416239507044792 dt=0.00029261145520147007 residual=3.9545274488849187e-05 checked=false stop=running
step=485 time=0.14191656215979695 dt=0.00029261145531776669 residual=3.9524012477631338e-05 checked=false stop=running
step=486 time=0.14220917361523122 dt=0.00029261145543425955 residual=3.9502656418178123e-05 checked=false stop=running
step=487 time=0.14250178507078215 dt=0.0002926114555509396 residual=3.9481191438401451e-05 checked=false stop=running
step=488 time=0.14279439652644996 dt=0.000292611455667798 residual=3.9459602211377136e-05 checked=false stop=running
step=489 time=0.14308700798223478 dt=0.0002926114557848257 residual=3.9437873445465154e-05 checked=false stop=running
step=490 time=0.14337961943813679 dt=0.00029261145590201424 residual=3.9415990006254047e-05 checked=false stop=running
step=491 time=0.14367223089415615 dt=0.00029261145601935479 residual=3.9393936247373588e-05 checked=false stop=running
step=492 time=0.143964842350293 dt=0.0002926114561368391 residual=3.9371695751460581e-05 checked=false stop=running
step=493 time=0.14425745380654745 dt=0.00029261145625445855 residual=3.9349253048302072e-05 checked=false stop=running
step=494 time=0.14455006526291966 dt=0.00029261145637220513 residual=3.932659175085779e-05 checked=false stop=running
step=495 time=0.14484267671940973 dt=0.00029261145649007054 residual=3.9303695162420344e-05 checked=false stop=running
step=496 time=0.14513528817601778 dt=0.00029261145660804702 residual=3.9280547615163647e-05 checked=false stop=running
step=497 time=0.14542789963274391 dt=0.00029261145672612656 residual=3.9257130887091117e-05 checked=false stop=running
step=498 time=0.14572051108958822 dt=0.0002926114568443014 residual=3.9233429617646073e-05 checked=false stop=running
step=499 time=0.1460131225465508 dt=0.00029261145696256368 residual=3.9209425896399707e-05 checked=false stop=running
step=500 time=0.1463057340036317 dt=0.00029261145708090597 residual=3.9185102419064364e-05 checked=true stop=running
step=501 time=0.14659834546083103 dt=0.00029261145719932096 residual=3.9160442411217244e-05 checked=false stop=running
step=502 time=0.14689095691814882 dt=0.00029261145731780122 residual=3.913542767185466e-05 checked=false stop=running
step=503 time=0.14718356837558516 dt=0.00029261145743633932 residual=3.9110041245667218e-05 checked=false stop=running
step=504 time=0.1474761798331401 dt=0.00029261145755492837 residual=3.9084264379208298e-05 checked=false stop=running
step=505 time=0.14776879129081366 dt=0.00029261145767356129 residual=3.9058080602116023e-05 checked=false stop=running
step=506 time=0.14806140274860588 dt=0.00029261145779223096 residual=3.9031470185672148e-05 checked=false stop=running
step=507 time=0.14835401420651681 dt=0.00029261145791093082 residual=3.9004417024349394e-05 checked=false stop=running
step=508 time=0.14864662566454645 dt=0.00029261145802965399 residual=3.8976901011122165e-05 checked=false stop=running
step=509 time=0.14893923712269486 dt=0.00029261145814839381 residual=3.8948904620733289e-05 checked=false stop=running
step=510 time=0.149231848580962 dt=0.00029261145826714376 residual=3.8920409571003313e-05 checked=false stop=running
step=511 time=0.14952446003934791 dt=0.00029261145838589751 residual=3.8891397010441074e-05 checked=false stop=running
step=512 time=0.14981707149785256 dt=0.00029261145850464844 residual=3.8861848831749396e-05 checked=false stop=running
step=513 time=0.15010968295647595 dt=0.00029261145862339064 residual=3.8831746160893938e-05 checked=false stop=running
step=514 time=0.15040229441521807 dt=0.00029261145874211761 residual=3.880107119615994e-05 checked=false stop=running
step=515 time=0.15069490587407891 dt=0.00029261145886082338 residual=3.8769804263752691e-05 checked=false stop=running
step=516 time=0.1509875173330584 dt=0.00029261145897950189 residual=3.8737926776593652e-05 checked=false stop=running
step=517 time=0.15128012879215655 dt=0.00029261145909814738 residual=3.8705420259355964e-05 checked=false stop=running
step=518 time=0.15157274025137329 dt=0.00029261145921675395 residual=3.867226696539586e-05 checked=false stop=running
step=519 time=0.15186535171070861 dt=0.00029261145933531584 residual=3.8638446793249538e-05 checked=false stop=running
step=520 time=0.15215796317016245 dt=0.00029261145945382744 residual=3.8603941650938623e-05 checked=true stop=running
step=521 time=0.15245057462973474 dt=0.00029261145957228308 residual=3.8568732987685753e-05 checked=false stop=running
step=522 time=0.15274318608942541 dt=0.00029261145969067736 residual=3.8532802287187229e-05 checked=false stop=running
step=523 time=0.15303579754923441 dt=0.0002926114598090048 residual=3.8496131231737966e-05 checked=false stop=running
step=524 time=0.15332840900916167 dt=0.00029261145992726004 residual=3.8458701115814626e-05 checked=false stop=running
step=525 time=0.15362102046920711 dt=0.00029261146004543786 residual=3.8420493611746429e-05 checked=false stop=running
step=526 time=0.15391363192937066 dt=0.00029261146016353311 residual=3.8381490222835013e-05 checked=false stop=running
step=527 time=0.15420624338965219 dt=0.0002926114602815405 residual=3.8341673218638183e-05 checked=false stop=running
step=528 time=0.15449885485005166 dt=0.00029261146039945523 residual=3.8301023993759153e-05 checked=false stop=running
step=529 time=0.15479146631056892 dt=0.00029261146051727223 residual=3.8259525552952097e-05 checked=false stop=running
step=530 time=0.15508407777120389 dt=0.00029261146063498656 residual=3.8217159558486761e-05 checked=false stop=running
step=531 time=0.15537668923195649 dt=0.00029261146075259343 residual=3.8173907690814908e-05 checked=false stop=running
step=532 time=0.15566930069282658 dt=0.00029261146087008804 residual=3.8129753749200344e-05 checked=false stop=running
step=533 time=0.15596191215381405 dt=0.00029261146098746567 residual=3.8084679432798803e-05 checked=false stop=running
step=534 time=0.15625452361491876 dt=0.00029261146110472186 residual=3.8038669001393241e-05 checked=false stop=running
step=535 time=0.15654713507614063 dt=0.00029261146122185196 residual=3.7991703707681457e-05 checked=false stop=running
step=536 time=0.15683974653747948 dt=0.00029261146133885142 residual=3.7943767933827035e-05 checked=false stop=running
step=537 time=0.15713235799893518 dt=0.00029261146145571584 residual=3.7894845068519197e-05 checked=false stop=running
step=538 time=0.15742496946050763 dt=0.00029261146157244093 residual=3.7844918671504251e-05 checked=false stop=running
step=539 time=0.15771758092219665 dt=0.00029261146168902232 residual=3.7793972348955403e-05 checked=false stop=running
step=540 time=0.1580101923840021 dt=0.00029261146180545566 residual=3.7741990287196534e-05 checked=true stop=running
step=541 time=0.15830280384592385 dt=0.00029261146192173699 residual=3.7688958336773161e-05 checked=false stop=running
step=542 time=0.1585954153079617 dt=0.00029261146203786193 residual=3.7634859417323378e-05 checked=false stop=running
step=543 time=0.15888802677011551 dt=0.00029261146215382662 residual=3.7579680507061082e-05 checked=false stop=running
step=544 time=0.15918063823238515 dt=0.0002926114622696269 residual=3.75234046530294e-05 checked=false stop=running
step=545 time=0.15947324969477042 dt=0.00029261146238525885 residual=3.7466018932122732e-05 checked=false stop=running
step=546 time=0.15976586115727115 dt=0.00029261146250071857 residual=3.740750883807024e-05 checked=false stop=running
step=547 time=0.16005847261988715 dt=0.00029261146261600233 residual=3.7347861105195917e-05 checked=false stop=running
step=548 time=0.16035108408261825 dt=0.00029261146273110611 residual=3.7287061538458883e-05 checked=false stop=running
step=549 time=0.16064369554546429 dt=0.00029261146284602634 residual=3.7225097796951862e-05 checked=false stop=running
step=550 time=0.16093630700842504 dt=0.00029261146296075911 residual=3.7161956297692346e-05 checked=false stop=running
step=551 time=0.16122891847150034 dt=0.000292611463075301 residual=3.7097625001733155e-05 checked=false stop=running
step=552 time=0.16152152993468999 dt=0.00029261146318964839 residual=3.7032092222509442e-05 checked=false stop=running
step=553 time=0.1618141413979938 dt=0.00029261146330379753 residual=3.6965346466065313e-05 checked=false stop=running
step=554 time=0.16210675286141155 dt=0.00029261146341774506 residual=3.6897375255266804e-05 checked=false stop=running
step=555 time=0.16239936432494304 dt=0.00029261146353148752 residual=3.682816915819071e-05 checked=false stop=running
step=556 time=0.16269197578858804 dt=0.00029261146364502143 residual=3.6757716345296097e-05 checked=false stop=running
step=557 time=0.16298458725234638 dt=0.00029261146375834354 residual=3.6686007973933214e-05 checked=false stop=running
step=558 time=0.16327719871621782 dt=0.00029261146387145044 residual=3.661303320549121e-05 checked=false stop=running
step=559 time=0.16356981018020217 dt=0.00029261146398433876 residual=3.6538784220325202e-05 checked=false stop=running
step=560 time=0.16386242164429918 dt=0.00029261146409700542 residual=3.6463250673154441e-05 checked=true stop=running
step=561 time=0.16415503310850862 dt=0.00029261146420944722 residual=3.6386425269757235e-05 checked=false stop=running
step=562 time=0.16444764457283029 dt=0.00029261146432166089 residual=3.6308299375703622e-05 checked=false stop=running
step=563 time=0.16474025603726394 dt=0.00029261146443364331 residual=3.6228865411788915e-05 checked=false stop=running
step=564 time=0.16503286750180934 dt=0.00029261146454539138 residual=3.61481173022723e-05 checked=false stop=running
step=565 time=0.16532547896646624 dt=0.00029261146465690217 residual=3.606604686914154e-05 checked=false stop=running
step=566 time=0.1656180904312344 dt=0.00029261146476817254 residual=3.5982649402564508e-05 checked=false stop=running
step=567 time=0.16591070189611359 dt=0.00029261146487919961 residual=3.5897918445904479e-05 checked=false stop=running
step=568 time=0.16620331336110358 dt=0.00029261146498998051 residual=3.581184864222261e-05 checked=false stop=running
step=569 time=0.16649592482620409 dt=0.00029261146510051211 residual=3.5724435642243591e-05 checked=false stop=running
step=570 time=0.16678853629141488 dt=0.00029261146521079168 residual=3.563567531196668e-05 checked=false stop=running
step=571 time=0.16708114775673569 dt=0.0002926114653208164 residual=3.5545563624812843e-05 checked=false stop=running
step=572 time=0.16737375922216627 dt=0.00029261146543058336 residual=3.5454096846376719e-05 checked=false stop=running
step=573 time=0.16766637068770635 dt=0.0002926114655400899 residual=3.5361272979811941e-05 checked=false stop=running
step=574 time=0.16795898215335567 dt=0.0002926114656493333 residual=3.526708951906899e-05 checked=false stop=running
step=575 time=0.16825159361911399 dt=0.00029261146575831068 residual=3.5171543612730743e-05 checked=false stop=running
step=576 time=0.168544205084981 dt=0.00029261146586701946 residual=3.5074635234202062e-05 checked=false stop=running
step=577 time=0.16883681655095645 dt=0.00029261146597545697 residual=3.4976363060252996e-05 checked=false stop=running
step=578 time=0.16912942801704006 dt=0.00029261146608362067 residual=3.4876727015434389e-05 checked=false stop=running
step=579 time=0.16942203948323156 dt=0.00029261146619150784 residual=3.4775727128333637e-05 checked=false stop=running
step=580 time=0.16971465094953067 dt=0.00029261146629911588 residual=3.4673363627741726e-05 checked=true stop=running
step=581 time=0.17000726241593711 dt=0.00029261146640644235 residual=3.4569638507655569e-05 checked=false stop=running
step=582 time=0.1702998738824506 dt=0.00029261146651348471 residual=3.4464553041334002e-05 checked=false stop=running
step=583 time=0.17059248534907084 dt=0.00029261146662024046 residual=3.4358109109843135e-05 checked=false stop=running
step=584 time=0.17088509681579755 dt=0.00029261146672670705 residual=3.4250310437999389e-05 checked=false stop=running
step=585 time=0.17117770828263043 dt=0.000292611466832882 residual=3.4141159673037939e-05 checked=false stop=running
step=586 time=0.17147031974956919 dt=0.00029261146693876301 residual=3.4030661226850324e-05 checked=false stop=running
step=587 time=0.17176293121661354 dt=0.00029261146704434755 residual=3.3918818438449943e-05 checked=false stop=running
step=588 time=0.17205554268376316 dt=0.00029261146714963334 residual=3.3805636907625224e-05 checked=false stop=running
step=589 time=0.17234815415101779 dt=0.00029261146725461805 residual=3.3691122042537324e-05 checked=false stop=running
step=590 time=0.17264076561837707 dt=0.00029261146735929912 residual=3.3575278726342892e-05 checked=false stop=running
step=591 time=0.17293337708584075 dt=0.0002926114674636744 residual=3.3458115187910172e-05 checked=false stop=running
step=592 time=0.17322598855340848 dt=0.00029261146756774149 residual=3.333963685239245e-05 checked=false stop=running
step=593 time=0.17351860002107999 dt=0.00029261146767149812 residual=3.321985157275965e-05 checked=false stop=running
step=594 time=0.17381121148885495 dt=0.00029261146777494212 residual=3.3098767372618486e-05 checked=false stop=running
step=595 time=0.17410382295673302 dt=0.00029261146787807105 residual=3.2976393197958389e-05 checked=false stop=running
step=596 time=0.17439643442471389 dt=0.0002926114679808828 residual=3.2852737491327403e-05 checked=false stop=running
step=597 time=0.17468904589279727 dt=0.00029261146808337509 residual=3.2727810069472303e-05 checked=false stop=running
step=598 time=0.17498165736098281 dt=0.00029261146818554569 residual=3.2601620921883078e-05 checked=false stop=running
step=599 time=0.17527426882927019 dt=0.0002926114682873925 residual=3.2474180950075454e-05 checked=false stop=running
step=600 time=0.1755668802976591 dt=0.00029261146838891329 residual=3.234550095920999e-05 checked=true stop=running
step=601 time=0.17585949176614921 dt=0.00029261146849010583 residual=3.2215593090110954e-05 checked=false stop=running
step=602 time=0.17615210323474018 dt=0.00029261146859096802 residual=3.2084468671491854e-05 checked=false stop=running
step=603 time=0.17644471470343168 dt=0.00029261146869149763 residual=3.1952141678293665e-05 checked=false stop=running
step=604 time=0.17673732617222337 dt=0.00029261146879169271 residual=3.1818624559016076e-05 checked=false stop=running
step=605 time=0.17702993764111494 dt=0.00029261146889155099 residual=3.1683930683428417e-05 checked=false stop=running
step=606 time=0.177322549110106 dt=0.00029261146899107039 residual=3.154807442465418e-05 checked=false stop=running
step=607 time=0.17761516057919624 dt=0.00029261146909024892 residual=3.1411071932464794e-05 checked=false stop=running
step=608 time=0.17790777204838532 dt=0.00029261146918908431 residual=3.1272937093146063e-05 checked=false stop=running
step=609 time=0.17820038351767289 dt=0.00029261146928757453 residual=3.1133686275564414e-05 checked=false stop=running
step=610 time=0.17849299498705862 dt=0.0002926114693857176 residual=3.0993335188530123e-05 checked=false stop=running
step=611 time=0.17878560645654212 dt=0.00029261146948351139 residual=3.0851902211449843e-05 checked=false stop=running
step=612 time=0.17907821792612308 dt=0.00029261146958095379 residual=3.070940251371151e-05 checked=false stop=running
step=613 time=0.17937082939580112 dt=0.00029261146967804284 residual=3.0565855841595804e-05 checked=false stop=running
step=614 time=0.1796634408655759 dt=0.00029261146977477655 residual=3.0421280277431966e-05 checked=false stop=running
step=615 time=0.17995605233544704 dt=0.0002926114698711528 residual=3.0275694426804861e-05 checked=false stop=running
step=616 time=0.18024866380541421 dt=0.00029261146996716948 residual=3.0129117366947371e-05 checked=false stop=running
step=617 time=0.18054127527547703 dt=0.00029261147006282479 residual=2.9981569534550356e-05 checked=false stop=running
step=618 time=0.18083388674563514 dt=0.00029261147015811651 residual=2.9833071183501063e-05 checked=false stop=running
step=619 time=0.18112649821588817 dt=0.00029261147025304269 residual=2.9683644225720743e-05 checked=false stop=running
step=620 time=0.18141910968623576 dt=0.00029261147034760138 residual=2.9533308752226212e-05 checked=true stop=running
step=621 time=0.18171172115667755 dt=0.00029261147044179063 residual=2.9382086924178119e-05 checked=false stop=running
step=622 time=0.18200433262721316 dt=0.00029261147053560827 residual=2.9230002383006962e-05 checked=false stop=running
step=623 time=0.18229694409784222 dt=0.00029261147062905235 residual=2.9077077183479425e-05 checked=false stop=running
step=624 time=0.18258955556856435 dt=0.00029261147072212097 residual=2.8923334858049987e-05 checked=false stop=running
step=625 time=0.18288216703937915 dt=0.00029261147081481213 residual=2.8768799858040732e-05 checked=false stop=running
step=626 time=0.18317477851028627 dt=0.00029261147090712381 residual=2.8613496979466181e-05 checked=false stop=running
step=627 time=0.18346738998128531 dt=0.00029261147099905396 residual=2.8457451250931562e-05 checked=false stop=running
step=628 time=0.18376000145237592 dt=0.00029261147109060074 residual=2.8300687408968645e-05 checked=false stop=running
step=629 time=0.18405261292355768 dt=0.00029261147118176203 residual=2.8143231805798635e-05 checked=false stop=running
step=630 time=0.18434522439483023 dt=0.00029261147127253599 residual=2.7985112418845904e-05 checked=false stop=running
step=631 time=0.18463783586619315 dt=0.00029261147136292051 residual=2.7826354375597993e-05 checked=false stop=running
step=632 time=0.18493044733764605 dt=0.00029261147145291362 residual=2.7666986648101249e-05 checked=false stop=running
step=633 time=0.18522305880918857 dt=0.0002926114715425135 residual=2.7507037283663322e-05 checked=false stop=running
step=634 time=0.18551567028082031 dt=0.00029261147163171802 residual=2.7346534702035763e-05 checked=false stop=running
step=635 time=0.18580828175254083 dt=0.00029261147172052535 residual=2.7185508550384185e-05 checked=false stop=running
step=636 time=0.18610089322434975 dt=0.00029261147180893336 residual=2.7023986939709765e-05 checked=false stop=running
step=637 time=0.18639350469624669 dt=0.00029261147189694017 residual=2.6862002128928013e-05 checked=false stop=running
step=638 time=0.18668611616823122 dt=0.00029261147198454375 residual=2.6699583857231052e-05 checked=false stop=running
step=639 time=0.18697872764030296 dt=0.00029261147207174218 residual=2.6536763983915645e-05 checked=false stop=running
step=640 time=0.18727133911246149 dt=0.00029261147215853332 residual=2.6373574422184074e-05 checked=true stop=running
step=641 time=0.1875639505847064 dt=0.00029261147224491539 residual=2.6210046529896918e-05 checked=false stop=running
step=642 time=0.1878565620570373 dt=0.00029261147233088634 residual=2.6046214027247162e-05 checked=false stop=running
step=643 time=0.18814917352945373 dt=0.0002926114724164442 residual=2.5882110212561764e-05 checked=false stop=running
step=644 time=0.18844178500195533 dt=0.00029261147250158687 residual=2.5717768404362333e-05 checked=false stop=running
step=645 time=0.18873439647454163 dt=0.0002926114725863125 residual=2.5553224737112814e-05 checked=false stop=running
step=646 time=0.18902700794721225 dt=0.00029261147267061908 residual=2.5388512468008548e-05 checked=false stop=running
step=647 time=0.18931961941996675 dt=0.00029261147275450456 residual=2.5223668318015833e-05 checked=false stop=running
step=648 time=0.18961223089280471 dt=0.00029261147283796699 residual=2.5058727998864401e-05 checked=false stop=running
step=649 time=0.18990484236572572 dt=0.00029261147292100435 residual=2.4893729010519083e-05 checked=false stop=running
step=650 time=0.19019745383872932 dt=0.0002926114730036147 residual=2.4728707519409224e-05 checked=false stop=running
step=651 time=0.19049006531181512 dt=0.00029261147308579587 residual=2.4563701687152381e-05 checked=false stop=running
step=652 time=0.19078267678498267 dt=0.00029261147316754602 residual=2.439874989311375e-05 checked=false stop=running
step=653 time=0.19107528825823153 dt=0.00029261147324886319 residual=2.4233891265028092e-05 checked=false stop=running
step=654 time=0.19136789973156126 dt=0.00029261147332974521 residual=2.4069165780828805e-05 checked=false stop=running
step=655 time=0.19166051120497146 dt=0.00029261147341019014 residual=2.3904612367191165e-05 checked=false stop=running
step=656 time=0.19195312267846165 dt=0.00029261147349019597 residual=2.3740272616303578e-05 checked=false stop=running
step=657 time=0.19224573415203142 dt=0.00029261147356976074 residual=2.3576187163189565e-05 checked=false stop=running
step=658 time=0.19253834562568031 dt=0.00029261147364888224 residual=2.3412397963205306e-05 checked=false stop=running
step=659 time=0.19283095709940787 dt=0.00029261147372755878 residual=2.3248947552701411e-05 checked=false stop=running
step=660 time=0.19312356857321367 dt=0.00029261147380578792 residual=2.3085879693713456e-05 checked=true stop=running
step=661 time=0.19341618004709724 dt=0.00029261147388356799 residual=2.2923236148549297e-05 checked=false stop=running
step=662 time=0.19370879152105813 dt=0.0002926114739608967 residual=2.2761062586839277e-05 checked=false stop=running
step=663 time=0.19400140299509591 dt=0.00029261147403777216 residual=2.2599402072929731e-05 checked=false stop=running
step=664 time=0.1942940144692101 dt=0.00029261147411419237 residual=2.2438301489101934e-05 checked=false stop=running
step=665 time=0.19458662594340026 dt=0.00029261147419015499 residual=2.2277806229572148e-05 checked=false stop=running
step=666 time=0.19487923741766591 dt=0.0002926114742656584 residual=2.2117963073687305e-05 checked=false stop=running
step=667 time=0.19517184889200662 dt=0.00029261147434070031 residual=2.1958817305840643e-05 checked=false stop=running
step=668 time=0.1954644603664219 dt=0.00029261147441527868 residual=2.1800418113180784e-05 checked=false stop=running
step=669 time=0.19575707184091129 dt=0.00029261147448939148 residual=2.164281312809429e-05 checked=false stop=running
step=670 time=0.19604968331547432 dt=0.00029261147456303673 residual=2.1486051422059865e-05 checked=false stop=running
step=671 time=0.19634229479011053 dt=0.00029261147463621219 residual=2.1330181750426372e-05 checked=false stop=running
step=672 time=0.19663490626481944 dt=0.00029261147470891608 residual=2.1175254828850688e-05 checked=false stop=running
step=673 time=0.1969275177396006 dt=0.00029261147478114622 residual=2.1021319356813205e-05 checked=false stop=running
step=674 time=0.1972201292144535 dt=0.0002926114748529004 residual=2.0868427568880018e-05 checked=false stop=running
step=675 time=0.19751274068937769 dt=0.00029261147492417667 residual=2.0716630258130651e-05 checked=false stop=running
step=676 time=0.19780535216437267 dt=0.00029261147499497306 residual=2.0565979118649785e-05 checked=false stop=running
step=677 time=0.19809796363943796 dt=0.00029261147506528748 residual=2.0416527330641016e-05 checked=false stop=running
step=678 time=0.19839057511457309 dt=0.00029261147513511774 residual=2.0268326713513316e-05 checked=false stop=running
step=679 time=0.19868318658977754 dt=0.0002926114752044619 residual=2.0121430949973738e-05 checked=false stop=running
step=680 time=0.19897579806505086 dt=0.00029261147527331785 residual=1.9975894768272385e-05 checked=true stop=steady_converged
WCNS run stopped: reason=steady_converged step=680 time=0.19897579806505086
