case(schema=1,name=case01-uniform-256x256,mesh=grids/uniform_256x256.cgns,profile=phenglei_wcns,reconstruction=weno_z;variables=characteristic;epsilon=9.9999999999999995e-07;js_power=2;z_power=2;mdcd_dispersion=0.046378299999999997;mdcd_dissipation=0.01;mdcd_sensor_epsilon=5.6249999999999998e-05;mdcd_sensor_threshold=0.40000000000000002;mdcd_weight_bias=20;mdcd_weight_epsilon=9.9999999999999993e-41,riemann_solver=hllc;roe_entropy_fix=0.10000000000000001;riemann_denominator_tolerance=9.9999999999999998e-13,gas_model=calorically_perfect gamma=1.3999999999999999 molar_mass=8.3140000000000001 specific_gas_constant=1,U_ref=1 rho_ref=1 T_ref=1 L_ref=1 mu_ref=1 Re=1 Ma=0.84515425472851657 dynamic_pressure_ref=1 time_ref=1,partition(mode=auto_split,allow_idle=false,max_load_ratio=1.2,min_cells=8),initial(type=quadrant_riemann,ne_p=1.5,ne_rho=1.5,ne_u=0,ne_v=0,nw_p=0.29999999999999999,nw_rho=0.5323,nw_u=1.206,nw_v=0,se_p=0.29999999999999999,se_rho=0.5323,se_u=0,se_v=1.206,sw_p=0.029000000000000001,sw_rho=0.13800000000000001,sw_u=1.206,sw_v=1.206,x0=0.80000000000000004,y0=0.80000000000000004),boundary.default=outflow,enable_source_terms=false;models=,run(mode=unsteady,viscous=false,cfl=0.40000000000000002,max_steps=1000000,t_end=0.29999999999999999,max_wall_time=0,steady(min_steps=1,check_interval=1,consecutive=1,reference_floor=1.0000000000000001e-30,l2_abs=9.9999999999999998e-13,l2_rel=1e-08,linf_enabled=true,linf_abs=9.9999999999999994e-12,linf_rel=1e-08)),output(directory=results/uniform,allow_existing=false,dimensional=false,field(enabled=true,format=cgns,schedule(every_steps=0,every_time=0,explicit_times=,initial=true,final=true),quantities=rho:u:v:p:T:rho_u:rho_v:rho_w:rho_E:sound_speed:mach:total_enthalpy:entropy_proxy:jacobian),history(enabled=true,format=txt,schedule(every_steps=100,every_time=0,explicit_times=,initial=true,final=true),quantities=),statistics(enabled=true,format=txt,schedule(every_steps=100,every_time=0,explicit_times=,initial=true,final=true),quantities=total_mass:total_momentum_x:total_momentum_y:total_energy),checkpoint(enabled=false,schedule(every_steps=0,every_time=0,explicit_times=,initial=false,final=true))),restart.path=<none>,digest=0x40c5f993e60b44cf)
partition_plan(maximum_feasible=1024;leaf=0,zone=0,range=[0,0,0:64,256,1),owner=0,generation=0;leaf=1,zone=1,range=[0,0,0:64,256,1),owner=1,generation=0;leaf=2,zone=2,range=[0,0,0:64,256,1),owner=2,generation=0;leaf=3,zone=3,range=[0,0,0:64,256,1),owner=3,generation=0)
mesh_signature=17874315645299610072
derived Re=1 Ma=0.84515425472851657
step=1 time=0.00044683589762531124 dt=0.00044683589762531124 residual=10.930402412545785 checked=false stop=running
step=2 time=0.00088935913670736553 dt=0.00044252323908205429 residual=11.077906616207153 checked=false stop=running
step=3 time=0.0013345697653071806 dt=0.00044521062859981508 residual=11.00007812102389 checked=false stop=running
step=4 time=0.0017813355352624481 dt=0.00044676576995526758 residual=10.82749677699711 checked=false stop=running
step=5 time=0.0022280866886067847 dt=0.00044675115334433653 residual=10.657930660162107 checked=false stop=running
step=6 time=0.0026748271410880322 dt=0.00044674045248124734 residual=10.483491281229414 checked=false stop=running
step=7 time=0.003121559376050769 dt=0.00044673223496273664 residual=9.9135508592563752 checked=false stop=running
step=8 time=0.003568284005443565 dt=0.00044672462939279592 residual=9.358287464150111 checked=false stop=running
step=9 time=0.0040149980677287719 dt=0.00044671406228520663 residual=8.7841203823622909 checked=false stop=running
step=10 time=0.0044616969962579444 dt=0.00044669892852917215 residual=8.1183196401775586 checked=false stop=running
step=11 time=0.0049083843971023337 dt=0.00044668740084438885 residual=7.6993623927728549 checked=false stop=running
step=12 time=0.0053550639822675843 dt=0.00044667958516525052 residual=7.7800933122898392 checked=false stop=running
step=13 time=0.0058017441031606616 dt=0.00044668012089307758 residual=8.1003235971212053 checked=false stop=running
step=14 time=0.0062484480683340669 dt=0.00044670396517340491 residual=8.3180087527564304 checked=false stop=running
step=15 time=0.0066951803177265718 dt=0.00044673224939250505 residual=8.3587528900604955 checked=false stop=running
step=16 time=0.0071418992435837401 dt=0.00044671892585716841 residual=8.4254804263565397 checked=false stop=running
step=17 time=0.0075882417047057468 dt=0.00044634246112200681 residual=8.54740044139972 checked=false stop=running
step=18 time=0.0080344230917412489 dt=0.00044618138703550139 residual=8.7217698036288702 checked=false stop=running
step=19 time=0.0084811996049303732 dt=0.00044677651318912495 residual=8.6490577637845885 checked=false stop=running
step=20 time=0.0089280002793678242 dt=0.00044680067443745106 residual=8.4529850934132877 checked=false stop=running
step=21 time=0.0093747661706951885 dt=0.00044676589132736506 residual=8.1963554275165205 checked=false stop=running
step=22 time=0.0098215005493552665 dt=0.00044673437866007867 residual=7.7642851209555879 checked=false stop=running
step=23 time=0.010268208341403998 dt=0.00044670779204873104 residual=7.2998438123518365 checked=false stop=running
step=24 time=0.010714900618271558 dt=0.00044669227686756094 residual=7.2048388372724625 checked=false stop=running
step=25 time=0.011161584902801785 dt=0.00044668428453022711 residual=7.5020686927810694 checked=false stop=running
step=26 time=0.011608267232609328 dt=0.00044668232980754212 residual=7.93458960860068 checked=false stop=running
step=27 time=0.012054950802008281 dt=0.00044668356939895362 residual=8.3128626938254317 checked=false stop=running
step=28 time=0.012501637200350003 dt=0.00044668639834172328 residual=8.5991558320572121 checked=false stop=running
step=29 time=0.012947659615012272 dt=0.00044602241466226825 residual=8.8345011674292895 checked=false stop=running
step=30 time=0.013394252038573929 dt=0.00044659242356165764 residual=9.0236093196913387 checked=false stop=running
step=31 time=0.013840847672844523 dt=0.0004465956342705928 residual=9.1507715396380327 checked=false stop=running
step=32 time=0.014287502953054924 dt=0.00044665528021039993 residual=8.9878987990064463 checked=false stop=running
step=33 time=0.014734245212197494 dt=0.00044674225914257093 residual=8.70564150589259 checked=false stop=running
step=34 time=0.015180974866895569 dt=0.00044672965469807466 residual=8.2810697155792692 checked=false stop=running
step=35 time=0.015627697824739297 dt=0.00044672295784372641 residual=7.6637325128120999 checked=false stop=running
step=36 time=0.016074412741334084 dt=0.00044671491659478588 residual=7.010463849642524 checked=false stop=running
step=37 time=0.016520997731289122 dt=0.00044658498995503936 residual=6.7588084927779288 checked=false stop=running
step=38 time=0.016967362971452283 dt=0.00044636524016316149 residual=6.9544311095903693 checked=false stop=running
step=39 time=0.017414151218114196 dt=0.00044678824666191436 residual=7.3815048063164239 checked=false stop=running
step=40 time=0.017860941594203102 dt=0.000446790376088907 residual=7.8102886181786388 checked=false stop=running
step=41 time=0.018307724503833164 dt=0.00044678290963006057 residual=8.1678737551512413 checked=false stop=running
step=42 time=0.018754483244094199 dt=0.0004467587402610364 residual=8.4528761977606131 checked=false stop=running
step=43 time=0.01920114406743335 dt=0.00044666082333915319 residual=8.7040988329142248 checked=false stop=running
step=44 time=0.019647086138409001 dt=0.00044594207097565066 residual=8.9006315091960655 checked=false stop=running
step=45 time=0.020093844095054984 dt=0.00044675795664598356 residual=8.9041392435597526 checked=false stop=running
step=46 time=0.020540599033690404 dt=0.00044675493863542085 residual=8.7139268966749093 checked=false stop=running
step=47 time=0.020987350303202871 dt=0.00044675126951246546 residual=8.4527221287928747 checked=false stop=running
step=48 time=0.021434098503692 dt=0.00044674820048912916 residual=8.0816481426732718 checked=false stop=running
step=49 time=0.021880844242679894 dt=0.00044674573898789406 residual=7.6354625840617558 checked=false stop=running
step=50 time=0.022327588531017278 dt=0.00044674428833738262 residual=7.3507582266769802 checked=false stop=running
step=51 time=0.022773170597878215 dt=0.00044558206686093511 residual=7.4683755713511468 checked=false stop=running
step=52 time=0.023219658245834621 dt=0.00044648764795640654 residual=7.7931935257845524 checked=false stop=running
step=53 time=0.023666083819856173 dt=0.00044642557402155411 residual=8.1525826364350209 checked=false stop=running
step=54 time=0.024112549032543607 dt=0.00044646521268743434 residual=8.475155576267607 checked=false stop=running
step=55 time=0.024557937468839469 dt=0.00044538843629586073 residual=8.5868016335000288 checked=false stop=running
step=56 time=0.024993419996484821 dt=0.00043548252764535075 residual=8.6313834911936684 checked=false stop=running
step=57 time=0.025421769072967417 dt=0.00042834907648259523 residual=8.6998616182593622 checked=false stop=running
step=58 time=0.025844727807913779 dt=0.00042295873494636052 residual=8.7178069742608457 checked=false stop=running
step=59 time=0.02626365794607147 dt=0.00041893013815769159 residual=8.5074950969176726 checked=false stop=running
step=60 time=0.026679502585020474 dt=0.00041584463894900391 residual=8.2921854875561145 checked=false stop=running
step=61 time=0.027093293029924748 dt=0.00041379044490427361 residual=8.0450424513339431 checked=false stop=running
step=62 time=0.027506275721575994 dt=0.00041298269165124599 residual=7.7014365311601685 checked=false stop=running
step=63 time=0.027919524176255848 dt=0.00041324845467985335 residual=7.3750043905271001 checked=false stop=running
step=64 time=0.028333869468977087 dt=0.00041434529272124101 residual=7.298867282772866 checked=false stop=running
step=65 time=0.028749722219009673 dt=0.00041585275003258468 residual=7.4651336813651827 checked=false stop=running
step=66 time=0.029167062782474718 dt=0.00041734056346504349 residual=7.7573636873742835 checked=false stop=running
step=67 time=0.029585855263129748 dt=0.00041879248065503148 residual=8.0599295678475542 checked=false stop=running
step=68 time=0.030005868453615744 dt=0.00042001319048599688 residual=8.3513063940924734 checked=false stop=running
step=69 time=0.030426768449572091 dt=0.00042089999595634737 residual=8.6002693613814927 checked=false stop=running
step=70 time=0.030848341768382383 dt=0.00042157331881029361 residual=8.8146940416158124 checked=false stop=running
step=71 time=0.031266474241224571 dt=0.00041813247284219057 residual=9.0083389700876726 checked=false stop=running
step=72 time=0.031679659519384618 dt=0.00041318527816005049 residual=9.1296329758525179 checked=false stop=running
step=73 time=0.032088809164685157 dt=0.00040914964530054302 residual=8.9849084444672567 checked=false stop=running
step=74 time=0.032495420075200142 dt=0.00040661091051498292 residual=8.7961002366624825 checked=false stop=running
step=75 time=0.03290115209546176 dt=0.0004057320202616203 residual=8.4977558429340405 checked=false stop=running
step=76 time=0.033306276700405084 dt=0.00040512460494332474 residual=8.1267576818672502 checked=false stop=running
step=77 time=0.033711273168933957 dt=0.00040499646852887609 residual=7.6132334357298497 checked=false stop=running
step=78 time=0.034116377670934291 dt=0.00040510450200033132 residual=7.2133275030897446 checked=false stop=running
step=79 time=0.034521683927362046 dt=0.00040530625642775812 residual=7.1016274325135891 checked=false stop=running
step=80 time=0.034927168925209841 dt=0.00040548499784779198 residual=7.2627612537288755 checked=false stop=running
step=81 time=0.035332670543384327 dt=0.00040550161817448448 residual=7.6074551941289483 checked=false stop=running
step=82 time=0.035738101111081146 dt=0.00040543056769681997 residual=7.979009098192166 checked=false stop=running
step=83 time=0.036143378606750771 dt=0.00040527749566962579 residual=8.3325229042244011 checked=false stop=running
step=84 time=0.036548364151013236 dt=0.00040498554426246465 residual=8.61261097813553 checked=false stop=running
step=85 time=0.036952917963305111 dt=0.00040455381229187286 residual=8.8520060880289204 checked=false stop=running
step=86 time=0.037356827711172581 dt=0.00040390974786746933 residual=9.0500274861607206 checked=false stop=running
step=87 time=0.037759879195547484 dt=0.00040305148437490512 residual=9.0128325546945689 checked=false stop=running
step=88 time=0.038161891127188485 dt=0.00040201193164100059 residual=8.8135838838352605 checked=false stop=running
step=89 time=0.038562574709327765 dt=0.00040068358213927872 residual=8.5919370784793827 checked=false stop=running
step=90 time=0.038961918367153639 dt=0.0003993436578258748 residual=8.3159098256151882 checked=false stop=running
step=91 time=0.03936024187817503 dt=0.00039832351102139134 residual=7.9708260797624675 checked=false stop=running
step=92 time=0.039758026037621484 dt=0.00039778415944645765 residual=7.6498314776072309 checked=false stop=running
step=93 time=0.040155802565981231 dt=0.0003977765283597492 residual=7.5618414213452603 checked=false stop=running
step=94 time=0.040553911544660655 dt=0.00039810897867942281 residual=7.6578658623651545 checked=false stop=running
step=95 time=0.040952534585220149 dt=0.00039862304055949177 residual=7.917528085432247 checked=false stop=running
step=96 time=0.041351792133739448 dt=0.0003992575485193 residual=8.2094990435533521 checked=false stop=running
step=97 time=0.041751785349493517 dt=0.00039999321575407088 residual=8.4984710191061339 checked=false stop=running
step=98 time=0.042152624664807604 dt=0.00040083931531408604 residual=8.6944558380900752 checked=false stop=running
step=99 time=0.042554420625714032 dt=0.00040179596090642456 residual=8.8793622431725403 checked=false stop=running
step=100 time=0.042957262745772093 dt=0.00040284212005806385 residual=8.9447656590861726 checked=false stop=running
step=101 time=0.043360007075303179 dt=0.00040274432953108305 residual=8.9135028903697506 checked=false stop=running
step=102 time=0.043761124260383998 dt=0.00040111718508081752 residual=8.669233959029734 checked=false stop=running
step=103 time=0.044160324864268831 dt=0.00039920060388483553 residual=8.4570789566723601 checked=false stop=running
step=104 time=0.044557569926352764 dt=0.00039724506208393072 residual=8.2805151151688658 checked=false stop=running
step=105 time=0.044953055217053575 dt=0.00039548529070080929 residual=8.0366911380819683 checked=false stop=running
step=106 time=0.045346870968313732 dt=0.00039381575126015852 residual=7.7075164318900642 checked=false stop=running
step=107 time=0.045739207682649212 dt=0.00039233671433548266 residual=7.4561606006545649 checked=false stop=running
step=108 time=0.04613021442468055 dt=0.00039100674203133856 residual=7.4049225874976496 checked=false stop=running
step=109 time=0.046519923223134294 dt=0.00038970879845374139 residual=7.575946249356333 checked=false stop=running
step=110 time=0.046908314722125977 dt=0.00038839149899168031 residual=7.856270247609487 checked=false stop=running
step=111 time=0.04729536968761526 dt=0.00038705496548928017 residual=8.1540500513057079 checked=false stop=running
step=112 time=0.047681097982713957 dt=0.0003857282950987002 residual=8.4164419749628987 checked=false stop=running
step=113 time=0.048065550659522109 dt=0.00038445267680815474 residual=8.6521210909647159 checked=false stop=running
step=114 time=0.04844882043897096 dt=0.00038326977944885371 residual=8.8625028793783134 checked=false stop=running
step=115 time=0.048831041681484284 dt=0.00038222124251332238 residual=9.0318479830418106 checked=false stop=running
step=116 time=0.049212383017517083 dt=0.00038134133603279913 residual=9.1562059170564734 checked=false stop=running
step=117 time=0.049593034112510995 dt=0.00038065109499390887 residual=9.1046755157625849 checked=false stop=running
step=118 time=0.049973190140343633 dt=0.00038015602783264134 residual=8.9787915280224944 checked=false stop=running
step=119 time=0.050353038115192567 dt=0.00037984797484893611 residual=8.8142940854004568 checked=false stop=running
step=120 time=0.050732750449365295 dt=0.00037971233417272512 residual=8.564775030932827 checked=false stop=running
step=121 time=0.051112481463090359 dt=0.00037973101372506157 residual=8.2223584200154605 checked=false stop=running
step=122 time=0.051492361971586194 dt=0.00037988050849583759 residual=7.8794483428631859 checked=false stop=running
step=123 time=0.051872495810757348 dt=0.00038013383917115721 residual=7.6965785151945383 checked=false stop=running
step=124 time=0.052252960146115433 dt=0.00038046433535808658 residual=7.5824882496505568 checked=false stop=running
step=125 time=0.052633808703119893 dt=0.00038084855700445892 residual=7.6167999187689013 checked=false stop=running
step=126 time=0.05301507723598467 dt=0.00038126853286478055 residual=7.744771130840439 checked=false stop=running
step=127 time=0.053396789809837621 dt=0.00038171257385295038 residual=7.9659476199379045 checked=false stop=running
step=128 time=0.05377896504700095 dt=0.00038217523716333108 residual=8.188516906042457 checked=false stop=running
step=129 time=0.054161620536370254 dt=0.00038265548936930184 residual=8.4117869976227073 checked=false stop=running
step=130 time=0.054544785108300319 dt=0.00038316457193006073 residual=8.6249156302039776 checked=false stop=running
step=131 time=0.054928512670907724 dt=0.00038372756260740863 residual=8.8085847854989989 checked=false stop=running
step=132 time=0.055312883020668641 dt=0.00038437034976091796 residual=8.9166766197048233 checked=false stop=running
step=133 time=0.05569788366134281 dt=0.00038500064067417022 residual=8.8579788165122775 checked=false stop=running
step=134 time=0.056081388698135753 dt=0.0003835050367929422 residual=8.7313806792649604 checked=false stop=running
step=135 time=0.056463279516400171 dt=0.00038189081826441821 residual=8.5512709861712448 checked=false stop=running
step=136 time=0.056843388118687485 dt=0.00038010860228731484 residual=8.2891238299565497 checked=false stop=running
step=137 time=0.057221601340838597 dt=0.00037821322215111252 residual=7.9744812202143756 checked=false stop=running
step=138 time=0.057597916895998261 dt=0.00037631555515966521 residual=7.7401040146629292 checked=false stop=running
step=139 time=0.057972445125319017 dt=0.00037452822932075911 residual=7.7117562652205933 checked=false stop=running
step=140 time=0.058345381458919363 dt=0.0003729363336003447 residual=7.8557134154607047 checked=false stop=running
step=141 time=0.058716973316797615 dt=0.00037159185787825021 residual=8.0890263245866905 checked=false stop=running
step=142 time=0.059087487358797479 dt=0.00037051404199986226 residual=8.3251695056915747 checked=false stop=running
step=143 time=0.059457183392415867 dt=0.00036969603361838599 residual=8.5226615775209833 checked=false stop=running
step=144 time=0.059826299992971829 dt=0.00036911660055595887 residual=8.6984531349007117 checked=false stop=running
step=145 time=0.060195049051518387 dt=0.00036874905854655864 residual=8.8548663902292031 checked=false stop=running
step=146 time=0.060563617075722331 dt=0.00036856802420394657 residual=8.9708244533009474 checked=false stop=running
step=147 time=0.060932168876515598 dt=0.0003685518007932672 residual=9.0981114655212583 checked=false stop=running
step=148 time=0.061300849151559381 dt=0.00036868027504378248 residual=9.054577478821793 checked=false stop=running
step=149 time=0.061669784249673815 dt=0.00036893509811443436 residual=8.8317162091315122 checked=false stop=running
step=150 time=0.062039079851590254 dt=0.00036929560191644069 residual=8.5556600442406499 checked=false stop=running
step=151 time=0.062408815455061148 dt=0.00036973560347089538 residual=8.266718221949553 checked=false stop=running
step=152 time=0.062779062254962298 dt=0.00037024679990114962 residual=7.9584843677720851 checked=false stop=running
step=153 time=0.06314987888922996 dt=0.00037081663426766665 residual=7.6295245564352809 checked=false stop=running
step=154 time=0.063521315294366595 dt=0.00037143640513663203 residual=7.4305947173562901 checked=false stop=running
step=155 time=0.063893450633880314 dt=0.00037213533951371499 residual=7.4359995486028545 checked=false stop=running
step=156 time=0.064266391323455629 dt=0.00037294068957531551 residual=7.6267613535208314 checked=false stop=running
step=157 time=0.064640271859243356 dt=0.0003738805357877257 residual=7.8870266064567707 checked=false stop=running
step=158 time=0.065012622005669651 dt=0.0003723501464262931 residual=8.143722112494336 checked=false stop=running
step=159 time=0.06538323844820465 dt=0.00037061644253500407 residual=8.3736646213546706 checked=false stop=running
step=160 time=0.065752261569827622 dt=0.0003690231216229668 residual=8.5900028309937984 checked=false stop=running
step=161 time=0.06611983799720951 dt=0.00036757642738188806 residual=8.7569143843037445 checked=false stop=running
step=162 time=0.066486132393518096 dt=0.00036629439630859187 residual=8.9055683449961727 checked=false stop=running
step=163 time=0.066851335439756784 dt=0.00036520304623868349 residual=9.0600402788476515 checked=false stop=running
step=164 time=0.067215657785340374 dt=0.00036432234558358382 residual=9.062254046986407 checked=false stop=running
step=165 time=0.067579306657268925 dt=0.00036364887192854515 residual=8.9704562120214728 checked=false stop=running
step=166 time=0.067942466013626635 dt=0.00036315935635770728 residual=8.8481287350458615 checked=false stop=running
step=167 time=0.068305294747708481 dt=0.00036282873408185275 residual=8.6748681500394742 checked=false stop=running
step=168 time=0.068667933041296786 dt=0.00036263829358829965 residual=8.4319876179099591 checked=false stop=running
step=169 time=0.069030507572609395 dt=0.00036257453131260334 residual=8.1447718284105051 checked=false stop=running
step=170 time=0.069393132289914686 dt=0.00036262471730529077 residual=7.9323232437455928 checked=false stop=running
step=171 time=0.069755905133229615 dt=0.00036277284331492741 residual=7.9100792847855113 checked=false stop=running
step=172 time=0.070118908081805112 dt=0.00036300294857549194 residual=8.0350359717858506 checked=false stop=running
step=173 time=0.070482215446545052 dt=0.00036330736473993964 residual=8.2162403932534485 checked=false stop=running
step=174 time=0.070845902194101043 dt=0.00036368674755599692 residual=8.2840660734062634 checked=false stop=running
step=175 time=0.071210039946687106 dt=0.00036413775258605999 residual=8.3218419631998053 checked=false stop=running
step=176 time=0.071574691333618962 dt=0.00036465138693185962 residual=8.3844499226183142 checked=false stop=running
step=177 time=0.071939912349294075 dt=0.00036522101567511549 residual=8.4693181572588845 checked=false stop=running
step=178 time=0.072305758514278423 dt=0.00036584616498434397 residual=8.6020873065789498 checked=false stop=running
step=179 time=0.072672289003218773 dt=0.00036653048894034758 residual=8.769643308557443 checked=false stop=running
step=180 time=0.073039534327610081 dt=0.0003672453243913142 residual=8.8450641114438255 checked=false stop=running
step=181 time=0.073405245659312279 dt=0.00036571133170219317 residual=8.8071143427588474 checked=false stop=running
step=182 time=0.073769618938682224 dt=0.00036437327936994762 residual=8.735182129659723 checked=false stop=running
step=183 time=0.074132810454779485 dt=0.00036319151609726173 residual=8.6097233757601916 checked=false stop=running
step=184 time=0.074494921774245534 dt=0.00036211131946605379 residual=8.410559572910115 checked=false stop=running
step=185 time=0.074856033040922462 dt=0.0003611112666769339 residual=8.1675254298715423 checked=false stop=running
step=186 time=0.075216219752560168 dt=0.00036018671163769975 residual=7.9717706773548844 checked=false stop=running
step=187 time=0.075575558630326348 dt=0.00035933887776617578 residual=7.9505922183484916 checked=false stop=running
step=188 time=0.075934133865368972 dt=0.00035857523504261962 residual=8.0837966228972569 checked=false stop=running
step=189 time=0.076292024107506642 dt=0.00035789024213767203 residual=8.2744381946190586 checked=false stop=running
step=190 time=0.076649294191540124 dt=0.00035727008403348625 residual=8.4828130524687619 checked=false stop=running
step=191 time=0.077006018019980971 dt=0.00035672382844084439 residual=8.6719431839637338 checked=false stop=running
step=192 time=0.07736230694992563 dt=0.00035628892994465423 residual=8.8396029009577024 checked=false stop=running
step=193 time=0.077718344136114184 dt=0.00035603718618855315 residual=8.9553693020464884 checked=false stop=running
step=194 time=0.078074358787406956 dt=0.0003560146512927768 residual=9.0761210710972673 checked=false stop=running
step=195 time=0.078430542724148858 dt=0.00035618393674189964 residual=9.2012308106326106 checked=false stop=running
step=196 time=0.078787045496068617 dt=0.00035650277191975671 residual=9.3027914262429441 checked=false stop=running
step=197 time=0.079143990456593288 dt=0.00035694496052467796 residual=9.2175092855062921 checked=false stop=running
step=198 time=0.079501484027387354 dt=0.00035749357079406649 residual=9.0976289705059603 checked=false stop=running
step=199 time=0.07985961458558144 dt=0.00035813055819408017 residual=8.900121564995354 checked=false stop=running
step=200 time=0.080218450225506999 dt=0.00035883563992555959 residual=8.5893752554216558 checked=false stop=running
step=201 time=0.080578047692089858 dt=0.00035959746658286167 residual=8.197066529560896 checked=false stop=running
step=202 time=0.080938457556103571 dt=0.00036040986401371009 residual=7.832850974004173 checked=false stop=running
step=203 time=0.081299722913117795 dt=0.0003612653570142221 residual=7.6632851980322698 checked=false stop=running
step=204 time=0.081660748554869267 dt=0.00036102564175147803 residual=7.6963947944515807 checked=false stop=running
step=205 time=0.082020474012562239 dt=0.00035972545769297567 residual=7.8503261930846229 checked=false stop=running
step=206 time=0.082379007620046518 dt=0.00035853360748427411 residual=8.0420795027979217 checked=false stop=running
step=207 time=0.082736468503042421 dt=0.00035746088299589828 residual=8.2346381241283595 checked=false stop=running
step=208 time=0.08309298732762857 dt=0.0003565188245861434 residual=8.4093289874918469 checked=false stop=running
step=209 time=0.08344869947486179 dt=0.00035571214723321797 residual=8.5412543941708066 checked=false stop=running
step=210 time=0.083803733115837553 dt=0.00035503364097576079 residual=8.6883483395946044 checked=false stop=running
step=211 time=0.084158221556920793 dt=0.00035448844108323479 residual=8.8187286786263535 checked=false stop=running
step=212 time=0.084512346186129794 dt=0.0003541246292090085 residual=8.9480285871530896 checked=false stop=running
step=213 time=0.084866327041496908 dt=0.00035398085536711638 residual=8.9800515202424851 checked=false stop=running
step=214 time=0.08522035780292532 dt=0.00035403076142841768 residual=8.9267447035482252 checked=false stop=running
step=215 time=0.085574585274610718 dt=0.00035422747168539905 residual=8.84315227070379 checked=false stop=running
step=216 time=0.085929122405570019 dt=0.0003545371309592997 residual=8.7174143955630736 checked=false stop=running
step=217 time=0.086284061619880656 dt=0.00035493921431063171 residual=8.5278497659274883 checked=false stop=running
step=218 time=0.086639479780041204 dt=0.00035541816016055152 residual=8.2968889647904156 checked=false stop=running
step=219 time=0.086995437766530556 dt=0.00035595798648935923 residual=8.132588463437525 checked=false stop=running
step=220 time=0.087351980729125478 dt=0.00035654296259491833 residual=8.1120819631399641 checked=false stop=running
step=221 time=0.087709139527239161 dt=0.00035715879811368516 residual=8.236647836772935 checked=false stop=running
step=222 time=0.088066935005212593 dt=0.00035779547797343123 residual=8.380620923021425 checked=false stop=running
step=223 time=0.088425389511678831 dt=0.00035845450646624315 residual=8.5430794020136034 checked=false stop=running
step=224 time=0.088784544529708201 dt=0.00035915501802936836 residual=8.706116315714258 checked=false stop=running
step=225 time=0.089143610206461957 dt=0.00035906567675376191 residual=8.7653183303832627 checked=false stop=running
step=226 time=0.089501731007433125 dt=0.00035812080097117146 residual=8.7561212476131249 checked=false stop=running
step=227 time=0.089859035490557196 dt=0.00035730448312406524 residual=8.7561064095338033 checked=false stop=running
step=228 time=0.090215685781922586 dt=0.00035665029136539445 residual=8.8016441644368104 checked=false stop=running
step=229 time=0.090571877205220114 dt=0.00035619142329752123 residual=8.8553344957336222 checked=false stop=running
step=230 time=0.090927824711597494 dt=0.00035594750637738421 residual=8.7853108651828649 checked=false stop=running
step=231 time=0.091283736040950969 dt=0.00035591132935347704 residual=8.6916821251664071 checked=false stop=running
step=232 time=0.091639779964792265 dt=0.00035604392384128885 residual=8.5987751368861041 checked=false stop=running
step=233 time=0.091996070449015213 dt=0.00035629048422294987 residual=8.4720697238246849 checked=false stop=running
step=234 time=0.092352675938487436 dt=0.00035660548947221934 residual=8.3058111668296508 checked=false stop=running
step=235 time=0.092709641018115588 dt=0.00035696507962815232 residual=8.1438597354605697 checked=false stop=running
step=236 time=0.093067001937116645 dt=0.00035736091900105763 residual=8.0799138423597867 checked=false stop=running
step=237 time=0.093424791000925475 dt=0.00035778906380883621 residual=8.1381893594295143 checked=false stop=running
step=238 time=0.093783036925717753 dt=0.00035824592479228218 residual=8.292754030213942 checked=false stop=running
step=239 time=0.094141763562012162 dt=0.00035872663629440537 residual=8.46854601319931 checked=false stop=running
step=240 time=0.094500986643187207 dt=0.00035922308117504188 residual=8.6166859298001732 checked=false stop=running
step=241 time=0.094860709424236189 dt=0.00035972278104898101 residual=8.7396225095894415 checked=false stop=running
step=242 time=0.095220920311710838 dt=0.00036021088747465461 residual=8.8602717682428835 checked=false stop=running
step=243 time=0.095581596299096364 dt=0.00036067598738552244 residual=8.9768515921351035 checked=false stop=running
step=244 time=0.095942214517339711 dt=0.00036061821824334912 residual=9.0863425942778431 checked=false stop=running
step=245 time=0.096302596031062518 dt=0.00036038151372280611 residual=9.1933360328402731 checked=false stop=running
step=246 time=0.096662473160846391 dt=0.00035987712978386924 residual=9.1864907521811592 checked=false stop=running
step=247 time=0.097021932551378823 dt=0.00035945939053243648 residual=9.0921282226651332 checked=false stop=running
step=248 time=0.097381031616862096 dt=0.00035909906548327894 residual=8.9827633491272785 checked=false stop=running
step=249 time=0.097739809342519454 dt=0.00035877772565736402 residual=8.8305111527842648 checked=false stop=running
step=250 time=0.098098317608143054 dt=0.00035850826562359712 residual=8.6376431318361639 checked=false stop=running
step=251 time=0.098456651415259139 dt=0.00035833380711607792 residual=8.3625187542874642 checked=false stop=running
step=252 time=0.098814933339783972 dt=0.00035828192452483902 residual=8.1139477698169653 checked=false stop=running
step=253 time=0.099173264510570514 dt=0.00035833117078654353 residual=7.9753426970906425 checked=false stop=running
step=254 time=0.099531721030747894 dt=0.00035845652017738532 residual=7.9844457974938114 checked=false stop=running
step=255 time=0.099890362240031755 dt=0.00035864120928386306 residual=8.1031950471399572 checked=false stop=running
step=256 time=0.10024923513776432 dt=0.00035887289773256693 residual=8.2675183929513612 checked=false stop=running
step=257 time=0.10060837220362279 dt=0.00035913706585846613 residual=8.4196234173065996 checked=false stop=running
step=258 time=0.10096778675535849 dt=0.00035941455173570412 residual=8.590220836253458 checked=false stop=running
step=259 time=0.10132747630898012 dt=0.00035968955362162863 residual=8.7752118372546342 checked=false stop=running
step=260 time=0.10168743149079566 dt=0.00035995518181555032 residual=8.9376203658051523 checked=false stop=running
step=261 time=0.10204763735978202 dt=0.00036020586898635764 residual=9.0739440269594684 checked=false stop=running
step=262 time=0.10240806810237481 dt=0.00036043074259279039 residual=9.1343954349813803 checked=false stop=running
step=263 time=0.10276856997389512 dt=0.00036050187152031246 residual=9.0624975409568229 checked=false stop=running
step=264 time=0.10312866624981565 dt=0.0003600962759205295 residual=8.9501669071683327 checked=false stop=running
step=265 time=0.10348843910178915 dt=0.00035977285197350011 residual=8.8090713630078596 checked=false stop=running
step=266 time=0.10384794441005861 dt=0.00035950530826946414 residual=8.6750313228772651 checked=false stop=running
step=267 time=0.10420720713393693 dt=0.00035926272387831363 residual=8.5147447426763279 checked=false stop=running
step=268 time=0.10456622858987433 dt=0.00035902145593739413 residual=8.3811400482204501 checked=false stop=running
step=269 time=0.10492500167884118 dt=0.00035877308896684914 residual=8.3315433293255925 checked=false stop=running
step=270 time=0.10528352887770534 dt=0.00035852719886416123 residual=8.3923007102426634 checked=false stop=running
step=271 time=0.10564183751721104 dt=0.00035830863950569688 residual=8.5145052429142591 checked=false stop=running
step=272 time=0.10599998395555284 dt=0.0003581464383417984 residual=8.6317827065435075 checked=false stop=running
step=273 time=0.10635804702495569 dt=0.00035806306940284994 residual=8.7566903093550632 checked=false stop=running
step=274 time=0.10671611743810365 dt=0.00035807041314795708 residual=8.8641764894173694 checked=false stop=running
step=275 time=0.10707429052403958 dt=0.0003581730859359266 residual=8.9825095324773816 checked=false stop=running
step=276 time=0.10743266357279857 dt=0.00035837304875899895 residual=9.0968189308582446 checked=false stop=running
step=277 time=0.10779132718302095 dt=0.00035866361022237757 residual=9.1044629886654391 checked=false stop=running
step=278 time=0.10815034130313313 dt=0.00035901412011218089 residual=9.0542930692907095 checked=false stop=running
step=279 time=0.10850972864757834 dt=0.00035938734444520702 residual=8.8884926629161871 checked=false stop=running
step=280 time=0.10886900460404961 dt=0.00035927595647127034 residual=8.700105850518483 checked=false stop=running
step=281 time=0.10922808938792904 dt=0.00035908478387942303 residual=8.5452180156751272 checked=false stop=running
step=282 time=0.10958698114750076 dt=0.00035889175957173029 residual=8.4341456422517194 checked=false stop=running
step=283 time=0.10994534780929741 dt=0.00035836666179664704 residual=8.3176868354530757 checked=false stop=running
step=284 time=0.11030328807967403 dt=0.0003579402703766274 residual=8.2228038151127638 checked=false stop=running
step=285 time=0.11066088827757978 dt=0.00035760019790575224 residual=8.1729565621433142 checked=false stop=running
step=286 time=0.11101823301516003 dt=0.0003573447375802587 residual=8.2243666086774994 checked=false stop=running
step=287 time=0.11137540750122259 dt=0.00035717448606255114 residual=8.3582592197086871 checked=false stop=running
step=288 time=0.11173250010946809 dt=0.00035709260824550229 residual=8.5230455272786312 checked=false stop=running
step=289 time=0.11208959171014703 dt=0.00035709160067894596 residual=8.6637305544398355 checked=false stop=running
step=290 time=0.11244674080785841 dt=0.000357149097711383 residual=8.8164625628760138 checked=false stop=running
step=291 time=0.11280398244593598 dt=0.00035724163807757651 residual=8.9757163314434507 checked=false stop=running
step=292 time=0.113161333747581 dt=0.00035735130164502412 residual=9.1104313187625934 checked=false stop=running
step=293 time=0.1135187994174401 dt=0.00035746566985909414 residual=9.2231598661057284 checked=false stop=running
step=294 time=0.11387637553776273 dt=0.00035757612032262753 residual=9.3059869195327494 checked=false stop=running
step=295 time=0.11423405108370439 dt=0.00035767554594166574 residual=9.3370641708460287 checked=false stop=running
step=296 time=0.11459180807875254 dt=0.00035775699504814201 residual=9.2236509945549532 checked=false stop=running
step=297 time=0.11494962272696735 dt=0.00035781464821481231 residual=9.0902434607969695 checked=false stop=running
step=298 time=0.11530746850818539 dt=0.00035784578121804189 residual=8.9660970228205485 checked=false stop=running
step=299 time=0.11566531984302203 dt=0.00035785133483664004 residual=8.8222667594783584 checked=false stop=running
step=300 time=0.11602315495229426 dt=0.00035783510927223176 residual=8.671069972736424 checked=false stop=running
step=301 time=0.11638095749968071 dt=0.0003578025473864478 residual=8.5383911689453029 checked=false stop=running
step=302 time=0.11673870528767592 dt=0.0003577477879952153 residual=8.4679783092670711 checked=false stop=running
step=303 time=0.11709622915714012 dt=0.00035752386946419958 residual=8.3868477577800196 checked=false stop=running
step=304 time=0.11745334695757691 dt=0.00035711780043678359 residual=8.3438292050412102 checked=false stop=running
step=305 time=0.11781013716069481 dt=0.00035679020311790217 residual=8.3433646793144014 checked=false stop=running
step=306 time=0.11816667088910912 dt=0.00035653372841430681 residual=8.4337729947762039 checked=false stop=running
step=307 time=0.118523013563316 dt=0.00035634267420688661 residual=8.5922319380069538 checked=false stop=running
step=308 time=0.11887922737011071 dt=0.00035621380679470664 residual=8.7765747344074541 checked=false stop=running
step=309 time=0.11923537349386723 dt=0.00035614612375651562 residual=8.9240000636591947 checked=false stop=running
step=310 time=0.11959151437788815 dt=0.00035614088402091925 residual=9.0461890537492451 checked=false stop=running
step=311 time=0.11994769888425874 dt=0.00035618450637058723 residual=9.154785814716611 checked=false stop=running
step=312 time=0.12030375288820784 dt=0.000356054003949094 residual=9.1189188793697387 checked=false stop=running
step=313 time=0.12065966921263063 dt=0.00035591632442279111 residual=9.041047647430478 checked=false stop=running
step=314 time=0.12101544007328389 dt=0.00035577086065326794 residual=8.9397375575998819 checked=false stop=running
step=315 time=0.12137105858516063 dt=0.00035561851187674339 residual=8.833893816868077 checked=false stop=running
step=316 time=0.12172651973555167 dt=0.00035546115039103329 residual=8.6964968388788257 checked=false stop=running
step=317 time=0.12208182985063448 dt=0.00035531011508280918 residual=8.5443543447084362 checked=false stop=running
step=318 time=0.12243700498692099 dt=0.00035517513628650828 residual=8.4536290819383435 checked=false stop=running
step=319 time=0.12279206621741939 dt=0.00035506123049839939 residual=8.4714108146588618 checked=false stop=running
step=320 time=0.12314703879187001 dt=0.00035497257445061804 residual=8.5547120832888766 checked=false stop=running
step=321 time=0.12350195294012262 dt=0.00035491414825260692 residual=8.6586585398490659 checked=false stop=running
step=322 time=0.12385683869354405 dt=0.00035488575342143737 residual=8.8199534249969265 checked=false stop=running
step=323 time=0.1242117226915796 dt=0.00035488399803554587 residual=8.9725540549441121 checked=false stop=running
step=324 time=0.12456662983320183 dt=0.00035490714162222253 residual=9.1161340972515497 checked=false stop=running
step=325 time=0.12492158527876811 dt=0.00035495544556627811 residual=9.2329362707212308 checked=false stop=running
step=326 time=0.12527645131576784 dt=0.00035486603699972231 residual=9.3169626559586849 checked=false stop=running
step=327 time=0.12563107690709338 dt=0.00035462559132552957 residual=9.3760319312486793 checked=false stop=running
step=328 time=0.12598546297359772 dt=0.00035438606650433068 residual=9.348690697243855 checked=false stop=running
step=329 time=0.12633961188651227 dt=0.00035414891291454912 residual=9.165644394600724 checked=false stop=running
step=330 time=0.12669352694065941 dt=0.00035391505414714212 residual=8.9317027192419687 checked=false stop=running
step=331 time=0.12704721259952986 dt=0.000353685658870462 residual=8.7138465387646065 checked=false stop=running
step=332 time=0.12740067708197048 dt=0.00035346448244060965 residual=8.5258160829523515 checked=false stop=running
step=333 time=0.12775393509229793 dt=0.00035325801032746676 residual=8.3734546250690087 checked=false stop=running
step=334 time=0.1281070087192451 dt=0.00035307362694718262 residual=8.2437618136012958 checked=false stop=running
step=335 time=0.12845992823698754 dt=0.0003529195177424522 residual=8.1882346952809772 checked=false stop=running
step=336 time=0.1288127317272805 dt=0.00035280349029295316 residual=8.2295404997083779 checked=false stop=running
step=337 time=0.12916546296073286 dt=0.00035273123345236487 residual=8.3618730209502399 checked=false stop=running
step=338 time=0.12951816819345613 dt=0.00035270523272327699 residual=8.5467910189283121 checked=false stop=running
step=339 time=0.12987089279255051 dt=0.00035272459909438441 residual=8.7235074588597605 checked=false stop=running
step=340 time=0.13022367848644853 dt=0.00035278569389800941 residual=8.9150069139082788 checked=false stop=running
step=341 time=0.13057656165438206 dt=0.00035288316793351867 residual=9.0364849864279932 checked=false stop=running
step=342 time=0.1309293612950036 dt=0.00035279964062154311 residual=9.1477757487263869 checked=false stop=running
step=343 time=0.13128209855589859 dt=0.00035273726089498015 residual=9.2554535992236318 checked=false stop=running
step=344 time=0.13163461339159827 dt=0.00035251483569967809 residual=9.3259712068122003 checked=false stop=running
step=345 time=0.13198687528475417 dt=0.00035226189315589834 residual=9.3198930314580597 checked=false stop=running
step=346 time=0.13233891001470838 dt=0.000352034729954215 residual=9.246862713489902 checked=false stop=running
step=347 time=0.13269073628434869 dt=0.00035182626964030316 residual=9.1775526481138616 checked=false stop=running
step=348 time=0.13304236500389799 dt=0.00035162871954931411 residual=9.0778973900998299 checked=false stop=running
step=349 time=0.13339380374171919 dt=0.00035143873782119491 residual=8.9434368654832763 checked=false stop=running
step=350 time=0.13374506469875211 dt=0.0003512609570329248 residual=8.7690143375263201 checked=false stop=running
step=351 time=0.13409617245321381 dt=0.00035110775446171334 residual=8.62558739567808 checked=false stop=running
step=352 time=0.13444716198879691 dt=0.00035098953558310576 residual=8.5279850507265493 checked=false stop=running
step=353 time=0.13479807512729078 dt=0.00035091313849385734 residual=8.5406424205845877 checked=false stop=running
step=354 time=0.13514895868823207 dt=0.00035088356094129181 residual=8.6548232848600097 checked=false stop=running
step=355 time=0.13549985777649656 dt=0.00035089908826448112 residual=8.6942090714585643 checked=false stop=running
step=356 time=0.13585081149708991 dt=0.00035095372059334171 residual=8.7276237504068384 checked=false stop=running
step=357 time=0.13620185338888757 dt=0.0003510418917976518 residual=8.7446550243433148 checked=false stop=running
step=358 time=0.13655301182935206 dt=0.00035115844046448657 residual=8.8123086154228307 checked=false stop=running
step=359 time=0.13690431031253639 dt=0.00035129848318433239 residual=8.9090168316180911 checked=false stop=running
step=360 time=0.13725576736549019 dt=0.00035145705295381831 residual=8.9917273088558414 checked=false stop=running
step=361 time=0.13760730296639828 dt=0.00035153560090808906 residual=9.0820186283200499 checked=false stop=running
step=362 time=0.1379585573215823 dt=0.00035125435518402516 residual=9.1010426644696967 checked=false stop=running
step=363 time=0.13830954761277861 dt=0.000350990291196316 residual=9.104125653329957 checked=false stop=running
step=364 time=0.13866029031690749 dt=0.00035074270412888299 residual=9.0589050166923695 checked=false stop=running
step=365 time=0.13901080386401404 dt=0.00035051354710656074 residual=8.9729794523768796 checked=false stop=running
step=366 time=0.13936111196322651 dt=0.0003503080992124536 residual=8.8278117936617004 checked=false stop=running
step=367 time=0.13971124334030821 dt=0.00035013137708170858 residual=8.6698002939476257 checked=false stop=running
step=368 time=0.14006123287003205 dt=0.00034998952972383602 residual=8.5335428595183753 checked=false stop=running
step=369 time=0.14041112007908502 dt=0.00034988720905295242 residual=8.5030633813161156 checked=false stop=running
step=370 time=0.14076094680220994 dt=0.00034982672312491045 residual=8.5869516108514343 checked=false stop=running
step=371 time=0.14111075523671304 dt=0.00034980843450310251 residual=8.712591910734341 checked=false stop=running
step=372 time=0.14146058629105968 dt=0.00034983105434664361 residual=8.8781532028838779 checked=false stop=running
step=373 time=0.14181047809041794 dt=0.00034989179935827891 residual=9.0147806009513314 checked=false stop=running
step=374 time=0.14216046484991607 dt=0.00034998675949811722 residual=9.146883494331556 checked=false stop=running
step=375 time=0.14251057646150994 dt=0.00035011161159386568 residual=9.2552825193141501 checked=false stop=running
step=376 time=0.1428608388082398 dt=0.00035026234672985636 residual=9.3331193065071201 checked=false stop=running
step=377 time=0.14321125994568562 dt=0.00035042113744582313 residual=9.3978310183135161 checked=false stop=running
step=378 time=0.14356131966249747 dt=0.0003500597168118435 residual=9.4578198937221973 checked=false stop=running
step=379 time=0.14391106288812405 dt=0.00034974322562659799 residual=9.4396749965011395 checked=false stop=running
step=380 time=0.14426052763067734 dt=0.00034946474255329209 residual=9.3645775091415242 checked=false stop=running
step=381 time=0.14460974999434434 dt=0.00034922236366699766 residual=9.234545777255164 checked=false stop=running
step=382 time=0.14495877324431944 dt=0.00034902324997509272 residual=9.0024923147351483 checked=false stop=running
step=383 time=0.14530764411826444 dt=0.00034887087394501058 residual=8.7570448675786334 checked=false stop=running
step=384 time=0.14565641159386039 dt=0.00034876747559594245 residual=8.4774751887943864 checked=false stop=running
step=385 time=0.14600512708471364 dt=0.00034871549085324811 residual=8.2971154831592795 checked=false stop=running
step=386 time=0.14635383902702875 dt=0.00034871194231511041 residual=8.2805366013229307 checked=false stop=running
step=387 time=0.14670258944987294 dt=0.00034875042284417715 residual=8.3525951062549204 checked=false stop=running
step=388 time=0.14705141580772718 dt=0.00034882635785423133 residual=8.5099313799120253 checked=false stop=running
step=389 time=0.14740035114056754 dt=0.00034893533284036142 residual=8.6528077004237129 checked=false stop=running
step=390 time=0.1477494236420315 dt=0.00034907250146396618 residual=8.8094707475961656 checked=false stop=running
step=391 time=0.14809865707893344 dt=0.00034923343690193445 residual=8.9410166040041101 checked=false stop=running
step=392 time=0.14844807027656168 dt=0.00034941319762823379 residual=9.0541034519159034 checked=false stop=running
step=393 time=0.1487976775351737 dt=0.00034960725861201883 residual=9.1698779495892317 checked=false stop=running
step=394 time=0.14914724715197694 dt=0.00034956961680325082 residual=9.2864982303165569 checked=false stop=running
step=395 time=0.14949655557365188 dt=0.00034930842167494008 residual=9.3978312433041982 checked=false stop=running
step=396 time=0.14984563680860369 dt=0.00034908123495179641 residual=9.4187229403932022 checked=false stop=running
step=397 time=0.15019452405784645 dt=0.00034888724924277077 residual=9.3910984328162055 checked=false stop=running
step=398 time=0.15054325012644279 dt=0.00034872606859633911 residual=9.2942479663640594 checked=false stop=running
step=399 time=0.15089184707380829 dt=0.00034859694736551157 residual=9.1938256297897247 checked=false stop=running
step=400 time=0.15124034628196209 dt=0.00034849920815379823 residual=9.0374635061019628 checked=false stop=running
step=401 time=0.15158877775230656 dt=0.00034843147034447632 residual=8.8748037819019334 checked=false stop=running
step=402 time=0.15193716875009633 dt=0.0003483909977897779 residual=8.771756077646792 checked=false stop=running
step=403 time=0.15228554250181164 dt=0.0003483737517153109 residual=8.7483884325701009 checked=false stop=running
step=404 time=0.15263391741181595 dt=0.00034837491000430339 residual=8.8066453922621299 checked=false stop=running
step=405 time=0.15298230690132694 dt=0.00034838948951100562 residual=8.8654890900810681 checked=false stop=running
step=406 time=0.15333071971850534 dt=0.00034841281717839536 residual=8.9513461353918853 checked=false stop=running
step=407 time=0.1536791604984441 dt=0.0003484407799387504 residual=9.0561169852860264 checked=false stop=running
step=408 time=0.15402763128461622 dt=0.00034847078617211203 residual=9.0719118912812551 checked=false stop=running
step=409 time=0.15437613329780184 dt=0.00034850201318561768 residual=9.0515649208553963 checked=false stop=running
step=410 time=0.15472465877297473 dt=0.00034852547517287726 residual=9.0583997527467801 checked=false stop=running
step=411 time=0.15507304985157591 dt=0.00034839107860119536 residual=9.1205382615629755 checked=false stop=running
step=412 time=0.15542134708891128 dt=0.00034829723733537408 residual=9.1725068696698884 checked=false stop=running
step=413 time=0.15576958695833193 dt=0.00034823986942064623 residual=9.1864283943881677 checked=false stop=running
step=414 time=0.15611780412178888 dt=0.00034821716345694639 residual=9.1338681697031383 checked=false stop=running
step=415 time=0.1564660334491049 dt=0.00034822932731601894 residual=9.085662423276796 checked=false stop=running
step=416 time=0.15681404465575158 dt=0.0003480112066466841 residual=8.9862026416810981 checked=false stop=running
step=417 time=0.15716178026898417 dt=0.00034773561323260505 residual=8.8630082924449525 checked=false stop=running
step=418 time=0.15750926256242148 dt=0.00034748229343731956 residual=8.7745322510960406 checked=false stop=running
step=419 time=0.15785651697831893 dt=0.00034725441589745229 residual=8.7187065437663271 checked=false stop=running
step=420 time=0.15820357406460842 dt=0.00034705708628947975 residual=8.7339880432462778 checked=false stop=running
step=421 time=0.15855047058936428 dt=0.00034689652475586107 residual=8.7667680675875346 checked=false stop=running
step=422 time=0.15889724893905507 dt=0.00034677834969079466 residual=8.8434654790239851 checked=false stop=running
step=423 time=0.15924395534103533 dt=0.00034670640198025308 residual=8.9202099202231331 checked=false stop=running
step=424 time=0.15959063582821331 dt=0.00034668048717796738 residual=9.0059499401871026 checked=false stop=running
step=425 time=0.15993733352574352 dt=0.00034669769753022095 residual=9.092698046954645 checked=false stop=running
step=426 time=0.1602839820984007 dt=0.00034664857265717365 residual=9.2163113890331338 checked=false stop=running
step=427 time=0.16063041794424432 dt=0.00034643584584361767 residual=9.3516031574909579 checked=false stop=running
step=428 time=0.1609767074931239 dt=0.00034628954887957867 residual=9.4575958731783185 checked=false stop=running
step=429 time=0.16132290905325286 dt=0.00034620156012897334 residual=9.5458714073027675 checked=false stop=running
step=430 time=0.16166907196724847 dt=0.00034616291399561147 residual=9.5270037729954726 checked=false stop=running
step=431 time=0.16201523674473156 dt=0.00034616477748309184 residual=9.4723329746481415 checked=false stop=running
step=432 time=0.16236143590033608 dt=0.00034619915560450855 residual=9.3875693907045221 checked=false stop=running
step=433 time=0.16270769501353974 dt=0.00034625911320366879 residual=9.2582542754279054 checked=false stop=running
step=434 time=0.16305403390012393 dt=0.00034633888658420201 residual=9.121997195562308 checked=false stop=running
step=435 time=0.16340046806310929 dt=0.00034643416298536583 residual=8.9146610209425283 checked=false stop=running
step=436 time=0.16374701036731751 dt=0.00034654230420821675 residual=8.7486155170919755 checked=false stop=running
step=437 time=0.16409354856494668 dt=0.00034653819762916924 residual=8.6115033496711195 checked=false stop=running
step=438 time=0.16443990289724983 dt=0.00034635433230314144 residual=8.5628428234471077 checked=false stop=running
step=439 time=0.1647860941720973 dt=0.00034619127484746741 residual=8.5858362629236886 checked=false stop=running
step=440 time=0.16513214511657859 dt=0.00034605094448127556 residual=8.657435631378009 checked=false stop=running
step=441 time=0.16547808077964979 dt=0.00034593566307118825 residual=8.7289580697422995 checked=false stop=running
step=442 time=0.16582392828651626 dt=0.00034584750686647255 residual=8.8574899459712917 checked=false stop=running
step=443 time=0.16616971631563873 dt=0.00034578802912248034 residual=9.0423205574178027 checked=false stop=running
step=444 time=0.16651542412041917 dt=0.00034570780478043685 residual=9.1924105370383948 checked=false stop=running
step=445 time=0.16686088429162382 dt=0.00034546017120464298 residual=9.3339276734368646 checked=false stop=running
step=446 time=0.16720613609302079 dt=0.00034525180139697496 residual=9.4131675968068169 checked=false stop=running
step=447 time=0.16755121599411629 dt=0.00034507990109549974 residual=9.4326914877929511 checked=false stop=running
step=448 time=0.16789615863431503 dt=0.00034494264019875549 residual=9.4128663618539115 checked=false stop=running
step=449 time=0.16824099760616956 dt=0.00034483897185453791 residual=9.3287350146174095 checked=false stop=running
step=450 time=0.16858576619494367 dt=0.0003447685887741088 residual=9.2732140381003916 checked=false stop=running
step=451 time=0.1689304978361568 dt=0.00034473164121312142 residual=9.1916072882683419 checked=false stop=running
step=452 time=0.16927522645634913 dt=0.00034472862019234142 residual=9.1207767024241377 checked=false stop=running
step=453 time=0.16961998652665186 dt=0.00034476007030272837 residual=9.0482155541403984 checked=false stop=running
step=454 time=0.16996481267720936 dt=0.00034482615055751487 residual=9.00511049237344 checked=false stop=running
step=455 time=0.17030973891679346 dt=0.00034492623958410631 residual=8.9918411949486057 checked=false stop=running
step=456 time=0.17065450519814923 dt=0.00034476628135577352 residual=8.9983782197021558 checked=false stop=running
step=457 time=0.17099890672971202 dt=0.00034440153156277788 residual=9.0165318515302744 checked=false stop=running
step=458 time=0.17134300839087704 dt=0.00034410166116503459 residual=9.0630428674620056 checked=false stop=running
step=459 time=0.17168687862899304 dt=0.00034387023811598914 residual=9.1688867967565635 checked=false stop=running
step=460 time=0.17203058724062451 dt=0.00034370861163147634 residual=9.2765133222644796 checked=false stop=running
step=461 time=0.17237420260742256 dt=0.00034361536679805132 residual=9.3680769006184441 checked=false stop=running
step=462 time=0.1727177893463703 dt=0.00034358673894772972 residual=9.3660008800096737 checked=false stop=running
step=463 time=0.17306140611118662 dt=0.00034361676481632191 residual=9.3116472631537466 checked=false stop=running
step=464 time=0.17340510369651496 dt=0.00034369758532834885 residual=9.2408647162283923 checked=false stop=running
step=465 time=0.173748924088346 dt=0.00034382039183104276 residual=9.1343316017577418 checked=false stop=running
step=466 time=0.17409290156478324 dt=0.0003439774764372554 residual=9.079316896059586 checked=false stop=running
step=467 time=0.17443676776930359 dt=0.00034386620452033081 residual=9.0487379156053773 checked=false stop=running
step=468 time=0.17478050666257963 dt=0.00034373889327605383 residual=9.032518240990365 checked=false stop=running
step=469 time=0.17512415433231848 dt=0.00034364766973884043 residual=8.9947863043192875 checked=false stop=running
step=470 time=0.17546774506463078 dt=0.00034359073231229675 residual=8.9418782840601718 checked=false stop=running
step=471 time=0.1758113122917345 dt=0.00034356722710370246 residual=8.9106761298660597 checked=false stop=running
step=472 time=0.17615488899891038 dt=0.00034357670717589093 residual=8.8997861962732419 checked=false stop=running
step=473 time=0.17649850749220306 dt=0.00034361849329267577 residual=8.9309530416840257 checked=false stop=running
step=474 time=0.17684219863400488 dt=0.00034369114180183685 residual=8.9523184701911216 checked=false stop=running
step=475 time=0.17718590774782722 dt=0.00034370911382235013 residual=9.040426628028813 checked=false stop=running
step=476 time=0.17752933391800346 dt=0.00034342617017624254 residual=9.1391282645268639 checked=false stop=running
step=477 time=0.17787253894671204 dt=0.00034320502870857725 residual=9.2511943887713777 checked=false stop=running
step=478 time=0.17821558563420761 dt=0.00034304668749557778 residual=9.3451208585036092 checked=false stop=running
step=479 time=0.17855853503469354 dt=0.00034294940048593115 residual=9.4128068318967166 checked=false stop=running
step=480 time=0.1789014438092989 dt=0.00034290877460535371 residual=9.5027835638621578 checked=false stop=running
step=481 time=0.17924436222060025 dt=0.00034291841130134574 residual=9.5032891075645374 checked=false stop=running
step=482 time=0.17958733288978249 dt=0.00034297066918224342 residual=9.4796789862883948 checked=false stop=running
step=483 time=0.17993039029933086 dt=0.00034305740954836876 residual=9.4605532104695715 checked=false stop=running
step=484 time=0.18027356105207132 dt=0.00034317075274046302 residual=9.4366485399900544 checked=false stop=running
step=485 time=0.18061654289914966 dt=0.00034298184707833035 residual=9.399313036099942 checked=false stop=running
step=486 time=0.18095935338101041 dt=0.00034281048186075429 residual=9.3200582738046993 checked=false stop=running
step=487 time=0.18130202878959881 dt=0.00034267540858840819 residual=9.2291663413251506 checked=false stop=running
step=488 time=0.18164460233147073 dt=0.00034257354187191522 residual=9.0986163743348438 checked=false stop=running
step=489 time=0.18198710456254669 dt=0.00034250223107595352 residual=8.954258523022002 checked=false stop=running
step=490 time=0.18232956419232615 dt=0.00034245962977947091 residual=8.8037086226609578 checked=false stop=running
step=491 time=0.18267200875774761 dt=0.00034244456542146536 residual=8.7439446887098438 checked=false stop=running
step=492 time=0.18301446491418227 dt=0.00034245615643467109 residual=8.7853090036192789 checked=false stop=running
step=493 time=0.18335695833309523 dt=0.00034249341891295373 residual=8.8896126978441181 checked=false stop=running
step=494 time=0.18369951335908891 dt=0.00034255502599368748 residual=9.0242497452756982 checked=false stop=running
step=495 time=0.18404203244489037 dt=0.00034251908580146528 residual=9.1161153453921209 checked=false stop=running
step=496 time=0.18438429079964738 dt=0.00034225835475702596 residual=9.2188605735401659 checked=false stop=running
step=497 time=0.18472635107120394 dt=0.00034206027155654926 residual=9.3007328401326781 checked=false stop=running
step=498 time=0.18506827248125907 dt=0.00034192141005513153 residual=9.3423210526608944 checked=false stop=running
step=499 time=0.1854101084041811 dt=0.00034183592292201862 residual=9.3806807966734524 checked=false stop=running
step=500 time=0.18575190436617378 dt=0.00034179596199269881 residual=9.4057869545200532 checked=false stop=running
step=501 time=0.18609369742739082 dt=0.00034179306121703124 residual=9.4257612113995854 checked=false stop=running
step=502 time=0.18643551801244507 dt=0.00034182058505425136 residual=9.3954759174991018 checked=false stop=running
step=503 time=0.1867773927403627 dt=0.00034187472791763517 residual=9.3358997947491282 checked=false stop=running
step=504 time=0.18711934603840041 dt=0.00034195329803772063 residual=9.2466427714934536 checked=false stop=running
step=505 time=0.18746140160681404 dt=0.00034205556841363849 residual=9.1823405714013866 checked=false stop=running
step=506 time=0.18780358349684309 dt=0.00034218189002903907 residual=9.1303279498188008 checked=false stop=running
step=507 time=0.18814591580851447 dt=0.00034233231167137397 residual=9.1139362604297105 checked=false stop=running
step=508 time=0.18848804666385502 dt=0.00034213085534054704 residual=9.1708132367474189 checked=false stop=running
step=509 time=0.18882999458147168 dt=0.00034194791761667042 residual=9.22950808738943 checked=false stop=running
step=510 time=0.18917178692210748 dt=0.00034179234063580699 residual=9.3092411476075387 checked=false stop=running
step=511 time=0.18951345188388591 dt=0.0003416649617784198 residual=9.3588968302997042 checked=false stop=running
step=512 time=0.18985501784355924 dt=0.00034156595967333592 residual=9.3972479114189547 checked=false stop=running
step=513 time=0.1901965128568264 dt=0.00034149501326715325 residual=9.437642276053845 checked=false stop=running
step=514 time=0.19053796450923999 dt=0.00034145165241359526 residual=9.4399084595503027 checked=false stop=running
step=515 time=0.19087940006969495 dt=0.00034143556045496912 residual=9.4348469174540224 checked=false stop=running
step=516 time=0.19122084681823417 dt=0.00034144674853922336 residual=9.359706549982878 checked=false stop=running
step=517 time=0.19156233239782358 dt=0.00034148557958940635 residual=9.2863857745415181 checked=false stop=running
step=518 time=0.19190369256235282 dt=0.00034136016452924144 residual=9.2149729778874629 checked=false stop=running
step=519 time=0.19224494402746187 dt=0.00034125146510905987 residual=9.1663075903095859 checked=false stop=running
step=520 time=0.19258611855378502 dt=0.00034117452632315858 residual=9.1187318929534715 checked=false stop=running
step=521 time=0.19292724725853708 dt=0.00034112870475206617 residual=9.0492114754429611 checked=false stop=running
step=522 time=0.19326836126468211 dt=0.00034111400614503896 residual=8.9873418314853613 checked=false stop=running
step=523 time=0.19360949205843303 dt=0.00034113079375092326 residual=8.9322054993239615 checked=false stop=running
step=524 time=0.19395067146243064 dt=0.0003411794039976133 residual=8.9823552545054568 checked=false stop=running
step=525 time=0.19429193110344645 dt=0.00034125964101579292 residual=9.0560621215913546 checked=false stop=running
step=526 time=0.19463317821562337 dt=0.00034124711217693358 residual=9.1511222800054774 checked=false stop=running
step=527 time=0.19497420284411354 dt=0.000341024628490161 residual=9.2375292978236683 checked=false stop=running
step=528 time=0.1953150367442327 dt=0.00034083390011916705 residual=9.2730521729654427 checked=false stop=running
step=529 time=0.19565571236174095 dt=0.00034067561750825587 residual=9.3314070397514701 checked=false stop=running
step=530 time=0.19599626247448823 dt=0.00034055011274726797 residual=9.3594959046606956 checked=false stop=running
step=531 time=0.19633671961498239 dt=0.00034045714049415695 residual=9.4090551567573968 checked=false stop=running
step=532 time=0.19667711558506928 dt=0.00034039597008688995 residual=9.4725821158495194 checked=false stop=running
step=533 time=0.19701748107400766 dt=0.00034036548893836806 residual=9.5261154557645948 checked=false stop=running
step=534 time=0.1973578454460457 dt=0.00034036437203805998 residual=9.5678421122962583 checked=false stop=running
step=535 time=0.19769823669453812 dt=0.00034039124849242922 residual=9.5777683445784927 checked=false stop=running
step=536 time=0.19803868140798872 dt=0.00034044471345061209 residual=9.571045594498905 checked=false stop=running
step=537 time=0.19837920451836946 dt=0.00034052311038073826 residual=9.5186427641983489 checked=false stop=running
step=538 time=0.19871982891189865 dt=0.00034062439352918443 residual=9.4432571210183127 checked=false stop=running
step=539 time=0.19906040199888214 dt=0.00034057308698349023 residual=9.3321169028773898 checked=false stop=running
step=540 time=0.19940089393316657 dt=0.0003404919342844185 residual=9.2713020577545322 checked=false stop=running
step=541 time=0.19974133488792178 dt=0.0003404409547552169 residual=9.2655216365122577 checked=false stop=running
step=542 time=0.20008175552524016 dt=0.00034042063731837328 residual=9.2528790219608616 checked=false stop=running
step=543 time=0.20042218722768285 dt=0.00034043170244268343 residual=9.2106285693218855 checked=false stop=running
step=544 time=0.20076266163576051 dt=0.00034047440807767507 residual=9.1344197686036939 checked=false stop=running
step=545 time=0.20110320977745105 dt=0.00034054814169053645 residual=9.0926501685054077 checked=false stop=running
step=546 time=0.20144386114289167 dt=0.00034065136544060917 residual=9.0822860047622349 checked=false stop=running
step=547 time=0.20178450177923149 dt=0.00034064063633982504 residual=9.0809808464354482 checked=false stop=running
step=548 time=0.2021248656790576 dt=0.00034036389982611422 residual=9.1273105336497462 checked=false stop=running
step=549 time=0.20246498415841052 dt=0.00034011847935291114 residual=9.1926043199111387 checked=false stop=running
step=550 time=0.20280489012051647 dt=0.00033990596210595062 residual=9.3013443377026128 checked=false stop=running
step=551 time=0.20314461716521659 dt=0.00033972704470010875 residual=9.3662026695247054 checked=false stop=running
step=552 time=0.203484198633719 dt=0.00033958146850240423 residual=9.4118783907467574 checked=false stop=running
step=553 time=0.20382366709113747 dt=0.00033946845741847603 residual=9.4091554779912414 checked=false stop=running
step=554 time=0.20416305415879901 dt=0.00033938706766153601 residual=9.3969021900778937 checked=false stop=running
step=555 time=0.20450239057967445 dt=0.00033933642087543436 residual=9.3446664474192538 checked=false stop=running
step=556 time=0.20484170643248364 dt=0.0003393158528091888 residual=9.2742602275991395 checked=false stop=running
step=557 time=0.2051810314108862 dt=0.0003393249784025615 residual=9.2725365524720473 checked=false stop=running
step=558 time=0.20552039509844497 dt=0.00033936368755876662 residual=9.2789420652348156 checked=false stop=running
step=559 time=0.2058598271944595 dt=0.00033943209601453592 residual=9.3297145066980107 checked=false stop=running
step=560 time=0.20619935763125824 dt=0.00033953043679873439 residual=9.3689358224364945 checked=false stop=running
step=561 time=0.20653901647747686 dt=0.00033965884621862437 residual=9.396845594444045 checked=false stop=running
step=562 time=0.2068787741342876 dt=0.00033975765681073557 residual=9.4517338852183457 checked=false stop=running
step=563 time=0.20721849541659154 dt=0.00033972128230395541 residual=9.4571114970016623 checked=false stop=running
step=564 time=0.20755821620352174 dt=0.00033972078693020639 residual=9.4747057148230329 checked=false stop=running
step=565 time=0.20789797321980899 dt=0.00033975701628723577 residual=9.4991755231395896 checked=false stop=running
step=566 time=0.20823745565628077 dt=0.00033948243647176449 residual=9.5557280569447425 checked=false stop=running
step=567 time=0.20857669012187668 dt=0.00033923446559591908 residual=9.6048638907825605 checked=false stop=running
step=568 time=0.20891571266998812 dt=0.00033902254811144801 residual=9.6183282024876426 checked=false stop=running
step=569 time=0.20925456046188801 dt=0.0003388477918998721 residual=9.6014652780545635 checked=false stop=running
step=570 time=0.20959327100230851 dt=0.00033871054042051529 residual=9.4950572390763188 checked=false stop=running
step=571 time=0.20993188115564848 dt=0.00033861015333995666 residual=9.3821244259735188 checked=false stop=running
step=572 time=0.21027042622636663 dt=0.00033854507071813777 residual=9.2354675097248204 checked=false stop=running
step=573 time=0.2106089392946979 dt=0.0003385130683312664 residual=9.1382248723223913 checked=false stop=running
step=574 time=0.21094745083738065 dt=0.00033851154268274195 residual=9.0917323678914528 checked=false stop=running
step=575 time=0.21128598857501421 dt=0.00033853773763355323 residual=9.0855649528712252 checked=false stop=running
step=576 time=0.21162457747577912 dt=0.00033858890076491802 residual=9.1254797338624627 checked=false stop=running
step=577 time=0.21196323987358839 dt=0.00033866239780928334 residual=9.1466814411404425 checked=false stop=running
step=578 time=0.21230199568682506 dt=0.0003387558132366751 residual=9.203167297522473 checked=false stop=running
step=579 time=0.21264086273367874 dt=0.00033886704685367428 residual=9.2432607481017719 checked=false stop=running
step=580 time=0.2129798571036724 dt=0.00033899436999366224 residual=9.2774606874460801 checked=false stop=running
step=581 time=0.21331899351380992 dt=0.00033913641013753496 residual=9.3329525874787489 checked=false stop=running
step=582 time=0.21365817520459013 dt=0.00033918169078020894 residual=9.3981728485818739 checked=false stop=running
step=583 time=0.21399738662998338 dt=0.00033921142539326734 residual=9.4824009749517764 checked=false stop=running
step=584 time=0.21433665671843899 dt=0.00033927008845561677 residual=9.5383922114274178 checked=false stop=running
step=585 time=0.21467596963358951 dt=0.00033931291515053145 residual=9.5892155840554612 checked=false stop=running
step=586 time=0.21501496613945179 dt=0.00033899650586227507 residual=9.5856885801367291 checked=false stop=running
step=587 time=0.21535368101548588 dt=0.00033871487603409146 residual=9.5819742271781063 checked=false stop=running
step=588 time=0.21569215020670879 dt=0.00033846919122290685 residual=9.5545177836641031 checked=false stop=running
step=589 time=0.21603040993014391 dt=0.00033825972343512473 residual=9.5231043293164355 checked=false stop=running
step=590 time=0.21636849625394339 dt=0.00033808632379947186 residual=9.5217589886694114 checked=false stop=running
step=591 time=0.21670644485667642 dt=0.00033794860273303685 residual=9.4877981956821937 checked=false stop=running
step=592 time=0.21704429072721379 dt=0.00033784587053735718 residual=9.4784775549090234 checked=false stop=running
step=593 time=0.21738206789517175 dt=0.00033777716795797358 residual=9.4583691695471526 checked=false stop=running
step=594 time=0.21771980927035209 dt=0.00033774137518033923 residual=9.4441603649204247 checked=false stop=running
step=595 time=0.21805754661827662 dt=0.0003377373479245395 residual=9.4616232488583112 checked=false stop=running
step=596 time=0.2183953107403355 dt=0.00033776412205887185 residual=9.4571652635731454 checked=false stop=running
step=597 time=0.21873313181687923 dt=0.00033782107654372365 residual=9.4293663058823469 checked=false stop=running
step=598 time=0.21907103945371362 dt=0.00033790763683438376 residual=9.3835843276019446 checked=false stop=running
step=599 time=0.21940906254710407 dt=0.00033802309339045624 residual=9.3565744643299684 checked=false stop=running
step=600 time=0.21974722894751486 dt=0.0003381664004107918 residual=9.3494412063576728 checked=false stop=running
step=601 time=0.22008556486169711 dt=0.00033833591418224151 residual=9.3588695866664402 checked=false stop=running
step=602 time=0.22042409424335954 dt=0.00033852938166242748 residual=9.3877880256858557 checked=false stop=running
step=603 time=0.22076276259413841 dt=0.00033866835077886893 residual=9.3904620017968199 checked=false stop=running
step=604 time=0.22110112022599637 dt=0.00033835763185797606 residual=9.3929041637806563 checked=false stop=running
step=605 time=0.2214392009295198 dt=0.00033808070352342971 residual=9.3696134217831002 checked=false stop=running
step=606 time=0.22177703915002742 dt=0.0003378382205076232 residual=9.3907009594984938 checked=false stop=running
step=607 time=0.22211466944120448 dt=0.00033763029117705318 residual=9.4218034722179738 checked=false stop=running
step=608 time=0.2224521260297809 dt=0.00033745658857641751 residual=9.4340479567121776 checked=false stop=running
step=609 time=0.22278944265177172 dt=0.00033731662199083188 residual=9.4392751243275974 checked=false stop=running
step=610 time=0.22312665240714746 dt=0.00033720975537575217 residual=9.4078309560413373 checked=false stop=running
step=611 time=0.22346378744922965 dt=0.00033713504208219717 residual=9.4133653136233946 checked=false stop=running
step=612 time=0.2238008786470308 dt=0.00033709119780114767 residual=9.4193279157524099 checked=false stop=running
step=613 time=0.22413795532927847 dt=0.00033707668224766544 residual=9.4272308100680409 checked=false stop=running
step=614 time=0.22447504508013422 dt=0.00033708975085575946 residual=9.4689047425712278 checked=false stop=running
step=615 time=0.22481217353942703 dt=0.00033712845929283159 residual=9.5322866499455206 checked=false stop=running
step=616 time=0.22514936423723292 dt=0.00033719069780588443 residual=9.6094654636108015 checked=false stop=running
step=617 time=0.22548663852279904 dt=0.00033727428556613105 residual=9.6540157743781965 checked=false stop=running
step=618 time=0.2258240156096965 dt=0.00033737708689744831 residual=9.6930525874376023 checked=false stop=running
step=619 time=0.22616151273448037 dt=0.00033749712478385894 residual=9.7111012291010113 checked=false stop=running
step=620 time=0.22649914542265517 dt=0.00033763268817480331 residual=9.7129182373348524 checked=false stop=running
step=621 time=0.22683692805689626 dt=0.00033778263424109032 residual=9.6754023196857339 checked=false stop=running
step=622 time=0.22717487553459551 dt=0.000337947477699235 residual=9.6525474022802555 checked=false stop=running
step=623 time=0.22751300336001898 dt=0.00033812782542346794 residual=9.662008867781271 checked=false stop=running
step=624 time=0.22785107133004912 dt=0.00033806797003014269 residual=9.6343919669072076 checked=false stop=running
step=625 time=0.22818884945153289 dt=0.00033777812148378961 residual=9.5579123821209748 checked=false stop=running
step=626 time=0.22852637000739209 dt=0.00033752055585920638 residual=9.4357173509364038 checked=false stop=running
step=627 time=0.22886366531772126 dt=0.00033729531032916529 residual=9.2944974238538922 checked=false stop=running
step=628 time=0.22920076772294881 dt=0.000337102405227546 residual=9.2202853595818723 checked=false stop=running
step=629 time=0.22953770985080188 dt=0.00033694212785305693 residual=9.1651437303254149 checked=false stop=running
step=630 time=0.22987452465425545 dt=0.00033681480345357532 residual=9.1841672138351882 checked=false stop=running
step=631 time=0.2302112450164637 dt=0.00033672036220824407 residual=9.2371455255181729 checked=false stop=running
step=632 time=0.23054790328009708 dt=0.00033665826363338508 residual=9.3384184987114001 checked=false stop=running
step=633 time=0.23088453086077115 dt=0.0003366275806740814 residual=9.4500466253367392 checked=false stop=running
step=634 time=0.23122115803227547 dt=0.00033662717150431822 residual=9.5265300048293042 checked=false stop=running
step=635 time=0.23155781386922003 dt=0.00033665583694455006 residual=9.5742033906922224 checked=false stop=running
step=636 time=0.2318945260840608 dt=0.00033671221484078077 residual=9.6019284915462304 checked=false stop=running
step=637 time=0.23223132088646198 dt=0.00033679480240118777 residual=9.6325482345267766 checked=false stop=running
step=638 time=0.23256822291960808 dt=0.00033690203314608465 residual=9.6397069005007676 checked=false stop=running
step=639 time=0.23290525524831171 dt=0.00033703232870362689 residual=9.6464705269132676 checked=false stop=running
step=640 time=0.23324243942092779 dt=0.00033718417261608389 residual=9.669233922021462 checked=false stop=running
step=641 time=0.23357979561959832 dt=0.0003373561986705451 residual=9.6914290420276146 checked=false stop=running
step=642 time=0.23391721692252576 dt=0.00033742130292744096 residual=9.6952547252247836 checked=false stop=running
step=643 time=0.23425434965178066 dt=0.00033713272925490611 residual=9.6485895735979401 checked=false stop=running
step=644 time=0.23459122557395984 dt=0.00033687592217917291 residual=9.6060788726817314 checked=false stop=running
step=645 time=0.23492787631908299 dt=0.00033665074512315325 residual=9.559685627570131 checked=false stop=running
step=646 time=0.23526433363935656 dt=0.00033645732027357044 residual=9.5102928206219222 checked=false stop=running
step=647 time=0.2356006296073602 dt=0.00033629596800364417 residual=9.51236993818417 checked=false stop=running
step=648 time=0.23593679666156717 dt=0.00033616705420698326 residual=9.5551580160972645 checked=false stop=running
step=649 time=0.23627286742632581 dt=0.00033607076475863982 residual=9.6177252777430855 checked=false stop=running
step=650 time=0.23660887416054327 dt=0.00033600673421746696 residual=9.6671482498131756 checked=false stop=running
step=651 time=0.23694484792111828 dt=0.00033597376057499604 residual=9.7097762200865869 checked=false stop=running
step=652 time=0.23728081781994009 dt=0.00033596989882182603 residual=9.6856322761446219 checked=false stop=running
step=653 time=0.23761681041802213 dt=0.00033599259808202696 residual=9.6046295775617505 checked=false stop=running
step=654 time=0.23795284929807597 dt=0.0003360388800538335 residual=9.4980463639245531 checked=false stop=running
step=655 time=0.23828895487088742 dt=0.00033610557281143371 residual=9.4354186619061036 checked=false stop=running
step=656 time=0.23862514454292877 dt=0.00033618967204136009 residual=9.442725467342111 checked=false stop=running
step=657 time=0.23896143327034372 dt=0.00033628872741496248 residual=9.4667727514275093 checked=false stop=running
step=658 time=0.23929783432865673 dt=0.00033640105831300558 residual=9.5127237906577626 checked=false stop=running
step=659 time=0.23963436010525788 dt=0.00033652577660115476 residual=9.5390324662451782 checked=false stop=running
step=660 time=0.23997102277813476 dt=0.00033666267287688382 residual=9.5347534016016251 checked=false stop=running
step=661 time=0.24030778780236833 dt=0.00033676502423356789 residual=9.5160508500976668 checked=false stop=running
step=662 time=0.2406445803471548 dt=0.00033679254478647199 residual=9.45633095126467 checked=false stop=running
step=663 time=0.24098142532520003 dt=0.00033684497804522666 residual=9.4332838060729181 checked=false stop=running
step=664 time=0.24131802245442524 dt=0.00033659712922519603 residual=9.4621012861658897 checked=false stop=running
step=665 time=0.24165436256124642 dt=0.00033634010682117183 residual=9.5085849504461173 checked=false stop=running
step=666 time=0.24199048340043128 dt=0.00033612083918485206 residual=9.5796405724621181 checked=false stop=running
step=667 time=0.24232642249402769 dt=0.0003359390935964046 residual=9.6350015893189696 checked=false stop=running
step=668 time=0.24266221645633837 dt=0.00033579396231067746 residual=9.6738319263800392 checked=false stop=running
step=669 time=0.24299790044730762 dt=0.00033568399096924284 residual=9.699465250569169 checked=false stop=running
step=670 time=0.24333350790692262 dt=0.00033560745961500515 residual=9.7182630158285672 checked=false stop=running
step=671 time=0.24366907053758585 dt=0.00033556263066322815 residual=9.732584508929202 checked=false stop=running
step=672 time=0.24400461834653173 dt=0.00033554780894586619 residual=9.7655772511397458 checked=false stop=running
step=673 time=0.2443401797048679 dt=0.00033556135833618186 residual=9.8129591248602974 checked=false stop=running
step=674 time=0.24467578136764026 dt=0.0003356016627723454 residual=9.8615358195322234 checked=false stop=running
step=675 time=0.24501144844172063 dt=0.00033566707408035578 residual=9.8714671502788658 checked=false stop=running
step=676 time=0.24534720432382059 dt=0.00033575588209998152 residual=9.852330323662958 checked=false stop=running
step=677 time=0.24568307067846346 dt=0.00033586635464286747 residual=9.8198758299150803 checked=false stop=running
step=678 time=0.2460190675344526 dt=0.00033599685598915285 residual=9.7676337568223897 checked=false stop=running
step=679 time=0.24635521334353058 dt=0.00033614580907798098 residual=9.6668612293084308 checked=false stop=running
step=680 time=0.24669138167541194 dt=0.00033616833188136454 residual=9.5252033498498392 checked=false stop=running
step=681 time=0.2470275408989914 dt=0.00033615922357946808 residual=9.4075864499298998 checked=false stop=running
step=682 time=0.24736365382380185 dt=0.00033611292481046211 residual=9.3324672317226067 checked=false stop=running
step=683 time=0.24769949120635557 dt=0.00033583738255372244 residual=9.3210558124620935 checked=false stop=running
step=684 time=0.24803509034476212 dt=0.00033559913840656335 residual=9.360891694213759 checked=false stop=running
step=685 time=0.24837048878336146 dt=0.00033539843859934032 residual=9.426849035176966 checked=false stop=running
step=686 time=0.24870572345989553 dt=0.00033523467653408224 residual=9.4866179754891853 checked=false stop=running
step=687 time=0.24904082982899869 dt=0.00033510636910315348 residual=9.5094077808710615 checked=false stop=running
step=688 time=0.24937584107635929 dt=0.00033501124736060164 residual=9.5580504162865907 checked=false stop=running
step=689 time=0.24971078751746317 dt=0.00033494644110389216 residual=9.6338129168304771 checked=false stop=running
step=690 time=0.25004569625143547 dt=0.00033490873397230446 residual=9.7149958976142869 checked=false stop=running
step=691 time=0.2503805910952609 dt=0.00033489484382545111 residual=9.7885644608889457 checked=false stop=running
step=692 time=0.25071549275502869 dt=0.00033490165976777608 residual=9.8320110585370255 checked=false stop=running
step=693 time=0.25105041919686238 dt=0.00033492644183370058 residual=9.8311372062584894 checked=false stop=running
step=694 time=0.25138538623527229 dt=0.00033496703840989265 residual=9.8133031118439398 checked=false stop=running
step=695 time=0.25172040828294923 dt=0.00033502204767694592 residual=9.7626336924207422 checked=false stop=running
step=696 time=0.25205549908174296 dt=0.00033509079879373826 residual=9.7196413591963999 checked=false stop=running
step=697 time=0.25239067225636602 dt=0.00033517317462304478 residual=9.7004282995323194 checked=false stop=running
step=698 time=0.25272594160006062 dt=0.00033526934369458919 residual=9.6858631095498886 checked=false stop=running
step=699 time=0.25306132114148466 dt=0.00033537954142403409 residual=9.6822446242178994 checked=false stop=running
step=700 time=0.25339675180295507 dt=0.00033543066147040927 residual=9.6945354344242531 checked=false stop=running
step=701 time=0.25373221760103953 dt=0.00033546579808443932 residual=9.6987347122756891 checked=false stop=running
step=702 time=0.25406774133937921 dt=0.0003355237383396847 residual=9.7217090785038671 checked=false stop=running
step=703 time=0.25440294754467968 dt=0.00033520620530049059 residual=9.7397819213795565 checked=false stop=running
step=704 time=0.25473787459741704 dt=0.00033492705273734205 residual=9.7468734991266377 checked=false stop=running
step=705 time=0.25507256843356219 dt=0.00033469383614517632 residual=9.7763317433157511 checked=false stop=running
step=706 time=0.25540707306058835 dt=0.00033450462702616716 residual=9.8156365678489461 checked=false stop=running
step=707 time=0.25574142983723408 dt=0.00033435677664572441 residual=9.828426535817556 checked=false stop=running
step=708 time=0.25607567727041258 dt=0.00033424743317848394 residual=9.7772746195703917 checked=false stop=running
step=709 time=0.25640985115989878 dt=0.00033417388948618919 residual=9.7090786897869155 checked=false stop=running
step=710 time=0.25674398490729861 dt=0.00033413374739980423 residual=9.6532997686013307 checked=false stop=running
step=711 time=0.25707810968125733 dt=0.00033412477395874414 residual=9.6242172218741331 checked=false stop=running
step=712 time=0.2574122544296043 dt=0.00033414474834696982 residual=9.601673036396523 checked=false stop=running
step=713 time=0.25774644585143558 dt=0.00033419142183125294 residual=9.5763515952656508 checked=false stop=running
step=714 time=0.2580807084592891 dt=0.00033426260785352749 residual=9.5781786198122472 checked=false stop=running
step=715 time=0.25841506500353406 dt=0.00033435654424495185 residual=9.5783312300324379 checked=false stop=running
step=716 time=0.25874953741997125 dt=0.00033447241643717044 residual=9.5858730232760934 checked=false stop=running
step=717 time=0.25908414731578755 dt=0.00033460989581629027 residual=9.5832183165057252 checked=false stop=running
step=718 time=0.25941884985071423 dt=0.00033470253492666767 residual=9.5838887701654603 checked=false stop=running
step=719 time=0.25975355356487578 dt=0.00033470371416154755 residual=9.6060672121308084 checked=false stop=running
step=720 time=0.26008828972948173 dt=0.00033473616460592956 residual=9.5996684241920267 checked=false stop=running
step=721 time=0.26042308796482039 dt=0.00033479823533863527 residual=9.6341666021122894 checked=false stop=running
step=722 time=0.26075758074298694 dt=0.00033449277816654887 residual=9.7033280245889308 checked=false stop=running
step=723 time=0.26109180573391799 dt=0.00033422499093106446 residual=9.7785178579324903 checked=false stop=running
step=724 time=0.26142581584811903 dt=0.00033401011420104585 residual=9.8568172239496494 checked=false stop=running
step=725 time=0.26175965996023592 dt=0.00033384411211690606 residual=9.9022100801674799 checked=false stop=running
step=726 time=0.2620933822917263 dt=0.00033372233149036169 residual=9.9404574459257518 checked=false stop=running
step=727 time=0.2624270226456743 dt=0.00033364035394801674 residual=9.9678456427169415 checked=false stop=running
step=728 time=0.26276061590365146 dt=0.00033359325797718755 residual=9.969706974376173 checked=false stop=running
step=729 time=0.26309419131257339 dt=0.00033357540892194878 residual=9.9553541650910073 checked=false stop=running
step=730 time=0.26342777269494749 dt=0.00033358138237408124 residual=9.9427622415814856 checked=false stop=running
step=731 time=0.26376137951839324 dt=0.00033360682344575089 residual=9.9373273495856047 checked=false stop=running
step=732 time=0.26409502807384777 dt=0.0003336485554545448 residual=9.913421073003466 checked=false stop=running
step=733 time=0.26442873249754451 dt=0.00033370442369675855 residual=9.8813109959859613 checked=false stop=running
step=734 time=0.26476250563702325 dt=0.00033377313947875021 residual=9.8097114439586459 checked=false stop=running
step=735 time=0.26509635946582416 dt=0.00033385382880093137 residual=9.6911643927189264 checked=false stop=running
step=736 time=0.26543030520755795 dt=0.0003339457417337753 residual=9.5634509462250659 checked=false stop=running
step=737 time=0.26576435347784183 dt=0.00033404827028389638 residual=9.4576277784985514 checked=false stop=running
step=738 time=0.26609851472754303 dt=0.00033416124970121595 residual=9.4505637506867455 checked=false stop=running
step=739 time=0.26643273318968119 dt=0.00033421846213816943 residual=9.4868124439466293 checked=false stop=running
step=740 time=0.26676698539213495 dt=0.00033425220245376051 residual=9.5658359725485482 checked=false stop=running
step=741 time=0.26710117927315585 dt=0.00033419388102089826 residual=9.6284376689432598 checked=false stop=running
step=742 time=0.26743500867586278 dt=0.00033382940270692261 residual=9.6823427539714828 checked=false stop=running
step=743 time=0.26776853302500281 dt=0.00033352434914003896 residual=9.7332934776248283 checked=false stop=running
step=744 time=0.26810180865995126 dt=0.00033327563494844675 residual=9.7710798835131456 checked=false stop=running
step=745 time=0.26843488818989403 dt=0.00033307952994276232 residual=9.8011726859206352 checked=false stop=running
step=746 time=0.26876781848735104 dt=0.00033293029745701296 residual=9.8211440713295914 checked=false stop=running
step=747 time=0.26910063939506129 dt=0.00033282090771025055 residual=9.865796915714613 checked=false stop=running
step=748 time=0.26943338542390832 dt=0.00033274602884700527 residual=9.9034250992263306 checked=false stop=running
step=749 time=0.26976608813231179 dt=0.00033270270840344115 residual=9.920981063728437 checked=false stop=running
step=750 time=0.27009877703716029 dt=0.00033268890484848264 residual=9.9124988244445529 checked=false stop=running
step=751 time=0.2704314792451491 dt=0.00033270220798882965 residual=9.8595735684998225 checked=false stop=running
step=752 time=0.27076421873332768 dt=0.00033273948817855295 residual=9.8258514731074804 checked=false stop=running
step=753 time=0.27109701653819296 dt=0.00033279780486525731 residual=9.7633833194930109 checked=false stop=running
step=754 time=0.27142989257215699 dt=0.00033287603396406308 residual=9.7309910095699141 checked=false stop=running
step=755 time=0.27176286804528799 dt=0.00033297547313098448 residual=9.7585231960893069 checked=false stop=running
step=756 time=0.27209596659480595 dt=0.00033309854951795419 residual=9.7939861618240371 checked=false stop=running
step=757 time=0.27242921228286604 dt=0.00033324568806008501 residual=9.8549527136865578 checked=false stop=running
step=758 time=0.27276259116119911 dt=0.0003333788783330473 residual=9.8822717172751791 checked=false stop=running
step=759 time=0.27309597327036439 dt=0.00033338210916527698 residual=9.9058355711708135 checked=false stop=running
step=760 time=0.27342938140802964 dt=0.00033340813766525879 residual=9.925329457708246 checked=false stop=running
step=761 time=0.27376263377126592 dt=0.00033325236323627811 residual=9.9221902296918447 checked=false stop=running
step=762 time=0.27409554564804767 dt=0.00033291187678173041 residual=9.9217034735259588 checked=false stop=running
step=763 time=0.2744281806620717 dt=0.00033263501402403895 residual=9.888195152338275 checked=false stop=running
step=764 time=0.27476059998240671 dt=0.00033241932033498269 residual=9.8693572530276228 checked=false stop=running
step=765 time=0.27509286076289424 dt=0.00033226078048755172 residual=9.8386071493035683 checked=false stop=running
step=766 time=0.2754250125924127 dt=0.00033215182951844697 residual=9.8138191211506669 checked=false stop=running
step=767 time=0.2757570955976783 dt=0.00033208300526557953 residual=9.7870139359394734 checked=false stop=running
step=768 time=0.27608914289971659 dt=0.00033204730203826362 residual=9.7443809532628123 checked=false stop=running
step=769 time=0.27642118357431383 dt=0.00033204067459725547 residual=9.7049553295644966 checked=false stop=running
step=770 time=0.27675324374661564 dt=0.00033206017230179785 residual=9.6293515311915066 checked=false stop=running
step=771 time=0.27708534692003828 dt=0.00033210317342264375 residual=9.6184477870847349 checked=false stop=running
step=772 time=0.27741751396426839 dt=0.00033216704423013092 residual=9.6341682997887705 checked=false stop=running
step=773 time=0.27774976359977727 dt=0.00033224963550890175 residual=9.6743519726184992 checked=false stop=running
step=774 time=0.27808211353046125 dt=0.0003323499306839641 residual=9.7418411719889964 checked=false stop=running
step=775 time=0.2784145828186842 dt=0.0003324692882229208 residual=9.7712441950700679 checked=false stop=running
step=776 time=0.27874719332519177 dt=0.00033261050650756739 residual=9.8060315484849454 checked=false stop=running
step=777 time=0.27907996697849458 dt=0.00033277365330280917 residual=9.8271323657403045 checked=false stop=running
step=778 time=0.27941277250747271 dt=0.00033280552897815038 residual=9.8454044240148484 checked=false stop=running
step=779 time=0.27974559975517527 dt=0.00033282724770254549 residual=9.8723396784840478 checked=false stop=running
step=780 time=0.28007847185424234 dt=0.00033287209906709519 residual=9.9220604665363634 checked=false stop=running
step=781 time=0.28041108880144533 dt=0.00033261694720298514 residual=10.017843545726752 checked=false stop=running
step=782 time=0.28074341841694073 dt=0.00033232961549539691 residual=10.081343432781365 checked=false stop=running
step=783 time=0.28107553448602796 dt=0.00033211606908720577 residual=10.117292696110587 checked=false stop=running
step=784 time=0.28140750474429765 dt=0.00033197025826971779 residual=10.103703804541315 checked=false stop=running
step=785 time=0.28173938104772217 dt=0.00033187630342453907 residual=10.083496662276209 checked=false stop=running
step=786 time=0.28207120037737066 dt=0.0003318193296484791 residual=10.042454042849172 checked=false stop=running
step=787 time=0.28240299392414447 dt=0.00033179354677384201 residual=9.954026946516306 checked=false stop=running
step=788 time=0.28273479041492267 dt=0.00033179649077819177 residual=9.9277312521145138 checked=false stop=running
step=789 time=0.2830666156165485 dt=0.0003318252016258478 residual=9.9107376228156578 checked=false stop=running
step=790 time=0.28339849157243308 dt=0.00033187595588454977 residual=9.8933960861198695 checked=false stop=running
step=791 time=0.28373043650762941 dt=0.00033194493519635957 residual=9.8322853386102036 checked=false stop=running
step=792 time=0.28406246572660282 dt=0.00033202921897338653 residual=9.7422639198170451 checked=false stop=running
step=793 time=0.28439459294410813 dt=0.00033212721750529843 residual=9.6855568201705324 checked=false stop=running
step=794 time=0.2847268321937011 dt=0.00033223924959294382 residual=9.6253761453248838 checked=false stop=running
step=795 time=0.28505919998061763 dt=0.00033236778691651944 residual=9.6161477780647342 checked=false stop=running
step=796 time=0.28539168785702473 dt=0.00033248787640708679 residual=9.6515185641245349 checked=false stop=running
step=797 time=0.28572412739048397 dt=0.00033243953345926132 residual=9.7186949993357779 checked=false stop=running
step=798 time=0.28605653598404729 dt=0.000332408593563324 residual=9.8175951757923059 checked=false stop=running
step=799 time=0.28638893578170255 dt=0.00033239979765526973 residual=9.9000439275041092 checked=false stop=running
step=800 time=0.28672135132482379 dt=0.00033241554312125215 residual=9.9841993483772402 checked=false stop=running
step=801 time=0.28705378432638518 dt=0.00033243300156138262 residual=10.012404480265561 checked=false stop=running
step=802 time=0.28738594713331089 dt=0.00033216280692571244 residual=10.021715186101126 checked=false stop=running
step=803 time=0.28771791708951944 dt=0.00033196995620857081 residual=9.991383603102987 checked=false stop=running
step=804 time=0.288049758342314 dt=0.00033184125279457519 residual=9.96329634482837 checked=false stop=running
step=805 time=0.28838150979814642 dt=0.00033175145583241357 residual=9.9754060836219551 checked=false stop=running
step=806 time=0.2887131930649387 dt=0.0003316832667923091 residual=9.9599828971567064 checked=false stop=running
step=807 time=0.28904482518681601 dt=0.00033163212187728864 residual=9.9723285665709156 checked=false stop=running
step=808 time=0.28937642318932794 dt=0.0003315980025119363 residual=9.9555662056935557 checked=false stop=running
step=809 time=0.28970800498027632 dt=0.00033158179094836237 residual=9.9300570567931121 checked=false stop=running
step=810 time=0.29003958910509009 dt=0.00033158412481377715 residual=9.9217303492244859 checked=false stop=running
step=811 time=0.29037119349677959 dt=0.00033160439168952076 residual=9.8830554276299321 checked=false stop=running
step=812 time=0.29070283389245061 dt=0.00033164039567100699 residual=9.8789366251978912 checked=false stop=running
step=813 time=0.29103452358399906 dt=0.00033168969154847167 residual=9.89747992809267 checked=false stop=running
step=814 time=0.29136627611444299 dt=0.00033175253044390304 residual=9.9569793665564976 checked=false stop=running
step=815 time=0.2916981086249863 dt=0.00033183251054329422 residual=10.022011744826425 checked=false stop=running
step=816 time=0.29202997632226885 dt=0.00033186769728256362 residual=10.073750980193502 checked=false stop=running
step=817 time=0.29236178389399575 dt=0.00033180757172690273 residual=10.118212169216594 checked=false stop=running
step=818 time=0.2926935505130453 dt=0.00033176661904955196 residual=10.117592357812038 checked=false stop=running
step=819 time=0.29302529691346807 dt=0.00033174640042278462 residual=10.068541907565658 checked=false stop=running
step=820 time=0.29335704410071578 dt=0.0003317471872477309 residual=9.9673569144024583 checked=false stop=running
step=821 time=0.29368880983906925 dt=0.00033176573835346038 residual=9.8962307710387485 checked=false stop=running
step=822 time=0.29402060621909049 dt=0.00033179638002124297 residual=9.8741117602813162 checked=false stop=running
step=823 time=0.29435226501472905 dt=0.00033165879563859323 residual=9.8580146626623772 checked=false stop=running
step=824 time=0.29468377695435599 dt=0.00033151193962693642 residual=9.8733715696961362 checked=false stop=running
step=825 time=0.295015170879665 dt=0.00033139392530900366 residual=9.8490706846136167 checked=false stop=running
step=826 time=0.29534647360828098 dt=0.00033130272861598559 residual=9.8298201418683355 checked=false stop=running
step=827 time=0.29567771386480002 dt=0.00033124025651902245 residual=9.8281475304406261 checked=false stop=running
step=828 time=0.29600891900081999 dt=0.00033120513601997729 residual=9.7989045616713728 checked=false stop=running
step=829 time=0.29634011355896622 dt=0.00033119455814625002 residual=9.7976519829080075 checked=false stop=running
step=830 time=0.29667131997008328 dt=0.00033120641111703426 residual=9.8143196073689776 checked=false stop=running
step=831 time=0.29700255874528425 dt=0.00033123877520095315 residual=9.8871061555318445 checked=false stop=running
step=832 time=0.29733384855359063 dt=0.00033128980830637709 residual=9.9590670930678993 checked=false stop=running
step=833 time=0.29766520688905679 dt=0.00033135833546615032 residual=10.009545776306769 checked=false stop=running
step=834 time=0.29799665178721962 dt=0.00033144489816283953 residual=10.059739632450043 checked=false stop=running
step=835 time=0.29832805926942285 dt=0.00033140748220323191 residual=10.093457860358811 checked=false stop=running
step=836 time=0.29865937282883187 dt=0.00033131355940901739 residual=10.114172338704019 checked=false stop=running
step=837 time=0.29899060500801872 dt=0.0003312321791868317 residual=10.118075664596823 checked=false stop=running
step=838 time=0.29932177573420093 dt=0.00033117072618221732 residual=10.158205074972214 checked=false stop=running
step=839 time=0.29965291258689708 dt=0.00033113685269612529 residual=10.198875835742998 checked=false stop=running
step=840 time=0.29998404499826847 dt=0.0003311324113713744 residual=10.218709095000746 checked=false stop=running
step=841 time=0.29999999999999999 dt=1.5955001731515761e-05 residual=10.219989422258063 checked=false stop=physical_time_reached
WCNS run stopped: reason=physical_time_reached step=841 time=0.29999999999999999
